\BOOKMARK [0][-]{section*.1}{\376\377\000R\000e\000s\000u\000m\000e\000n}{}% 1
\BOOKMARK [0][-]{chapter.5}{\376\377\000I\000n\000t\000r\000o\000d\000u\000c\000c\000i\000\363\000n\000\040\000G\000e\000n\000e\000r\000a\000l}{}% 2
\BOOKMARK [1][-]{section.6}{\376\377\000I\000n\000t\000r\000o\000d\000u\000c\000c\000i\000\363\000n}{chapter.5}% 3
\BOOKMARK [1][-]{section.7}{\376\377\000E\000s\000t\000a\000d\000o\000\040\000d\000e\000l\000\040\000a\000r\000t\000e}{chapter.5}% 4
\BOOKMARK [1][-]{section.9}{\376\377\000M\000o\000t\000i\000v\000a\000c\000i\000\363\000n}{chapter.5}% 5
\BOOKMARK [1][-]{section.10}{\376\377\000A\000l\000c\000a\000n\000c\000e\000\040\000y\000\040\000o\000b\000j\000e\000t\000i\000v\000o\000s}{chapter.5}% 6
\BOOKMARK [0][-]{chapter.11}{\376\377\000I\000n\000t\000r\000o\000d\000u\000c\000c\000i\000\363\000n\000\040\000E\000s\000p\000e\000c\000\355\000f\000i\000c\000a}{}% 7
\BOOKMARK [1][-]{section.12}{\376\377\000S\000e\000g\000u\000i\000m\000i\000e\000n\000t\000o\000\040\000O\000c\000u\000l\000a\000r\000\040\000\050\000E\000y\000e\000-\000t\000r\000a\000c\000k\000i\000n\000g\000\051}{chapter.11}% 8
\BOOKMARK [1][-]{section.14}{\376\377\000P\000r\000o\000c\000e\000s\000a\000m\000i\000e\000n\000t\000o\000\040\000d\000e\000\040\000I\000m\000\341\000g\000e\000n\000e\000s\000\040\000y\000\040\000V\000i\000s\000i\000\363\000n\000\040\000p\000o\000r\000\040\000C\000o\000m\000p\000u\000t\000a\000d\000o\000r\000a}{chapter.11}% 9
\BOOKMARK [2][-]{subsection.15}{\376\377\000C\000o\000n\000c\000e\000p\000t\000o\000s\000\040\000f\000u\000n\000d\000a\000m\000e\000n\000t\000a\000l\000e\000s\000\040\000y\000\040\000b\000i\000b\000l\000i\000o\000t\000e\000c\000a\000\040\000O\000p\000e\000n\000C\000V}{section.14}% 10
\BOOKMARK [2][-]{subsection.16}{\376\377\000C\000o\000i\000n\000c\000i\000d\000e\000n\000c\000i\000a\000\040\000d\000e\000\040\000p\000a\000t\000r\000o\000n\000e\000s\000\040\000\050\000T\000e\000m\000p\000l\000a\000t\000e\000\040\000M\000a\000t\000c\000h\000i\000n\000g\000\051}{section.14}% 11
\BOOKMARK [1][-]{section.20}{\376\377\000R\000e\000d\000e\000s\000\040\000N\000e\000u\000r\000o\000n\000a\000l\000e\000s\000\040\000A\000r\000t\000i\000f\000i\000c\000i\000a\000l\000e\000s}{chapter.11}% 12
\BOOKMARK [2][-]{subsection.21}{\376\377\000D\000e\000f\000i\000n\000i\000c\000i\000\363\000n\000\040\000y\000\040\000c\000o\000n\000c\000e\000p\000t\000o\000s\000\040\000b\000\341\000s\000i\000c\000o\000s}{section.20}% 13
\BOOKMARK [2][-]{subsection.23}{\376\377\000P\000r\000i\000n\000c\000i\000p\000i\000o\000\040\000d\000e\000\040\000f\000u\000n\000c\000i\000o\000n\000a\000m\000i\000e\000n\000t\000o}{section.20}% 14
\BOOKMARK [2][-]{subsection.26}{\376\377\000T\000i\000p\000o\000s\000\040\000y\000\040\000a\000r\000q\000u\000i\000t\000e\000c\000t\000u\000r\000a\000s\000\040\000d\000e\000\040\000r\000e\000d\000e\000s\000\040\000n\000e\000u\000r\000o\000n\000a\000l\000e\000s}{section.20}% 15
\BOOKMARK [1][-]{section.27}{\376\377\000S\000i\000s\000t\000e\000m\000a\000s\000\040\000E\000m\000b\000e\000b\000i\000d\000o\000s\000\040\000y\000\040\000C\000o\000n\000t\000r\000o\000l\000\040\000G\000r\000\341\000f\000i\000c\000o}{chapter.11}% 16
\BOOKMARK [2][-]{subsection.28}{\376\377\000M\000i\000c\000r\000o\000c\000o\000n\000t\000r\000o\000l\000a\000d\000o\000r\000e\000s\000\040\000y\000\040\000m\000i\000c\000r\000o\000p\000r\000o\000c\000e\000s\000a\000d\000o\000r\000e\000s}{section.27}% 17
\BOOKMARK [2][-]{subsection.30}{\376\377\000F\000a\000m\000i\000l\000i\000a\000\040\000d\000e\000\040\000m\000i\000c\000r\000o\000c\000o\000n\000t\000r\000o\000l\000a\000d\000o\000r\000e\000s\000\040\000E\000S\000P\0003\0002}{section.27}% 18
\BOOKMARK [2][-]{subsection.31}{\376\377\000I\000n\000t\000e\000r\000f\000a\000c\000e\000s\000\040\000g\000r\000\341\000f\000i\000c\000a\000s\000\040\000e\000m\000b\000e\000b\000i\000d\000a\000s\000\040\000y\000\040\000b\000i\000b\000l\000i\000o\000t\000e\000c\000a\000\040\000L\000V\000G\000L}{section.27}% 19
\BOOKMARK [1][-]{section.33}{\376\377\000R\000e\000d\000e\000s\000\040\000y\000\040\000C\000o\000m\000u\000n\000i\000c\000a\000c\000i\000o\000n\000e\000s}{chapter.11}% 20
\BOOKMARK [2][-]{subsection.34}{\376\377\000R\000e\000d\000e\000s\000\040\000l\000o\000c\000a\000l\000e\000s\000\040\000W\000i\000-\000F\000i}{section.33}% 21
\BOOKMARK [3][-]{section*.36}{\376\377\000D\000i\000r\000e\000c\000c\000i\000o\000n\000a\000m\000i\000e\000n\000t\000o\000\040\000I\000P\000\040\000y\000\040\000t\000r\000a\000n\000s\000m\000i\000s\000i\000\363\000n\000\040\000d\000e\000\040\000d\000a\000t\000o\000s}{subsection.34}% 22
\BOOKMARK [1][-]{section.37}{\376\377\000A\000r\000q\000u\000i\000t\000e\000c\000t\000u\000r\000a\000\040\000y\000\040\000P\000a\000t\000r\000o\000n\000e\000s\000\040\000d\000e\000\040\000S\000o\000f\000t\000w\000a\000r\000e}{chapter.11}% 23
\BOOKMARK [2][-]{subsection.38}{\376\377\000M\000o\000d\000e\000l\000o\000\040\000C\000l\000i\000e\000n\000t\000e\000/\000S\000e\000r\000v\000i\000d\000o\000r}{section.37}% 24
\BOOKMARK [2][-]{subsection.40}{\376\377\000P\000a\000t\000r\000\363\000n\000\040\000d\000e\000\040\000d\000i\000s\000e\000\361\000o\000\040\000M\000o\000d\000e\000l\000o\000-\000V\000i\000s\000t\000a\000-\000C\000o\000n\000t\000r\000o\000l\000a\000d\000o\000r\000\040\000\050\000M\000V\000C\000\051}{section.37}% 25
\BOOKMARK [2][-]{subsection.42}{\376\377\000A\000r\000q\000u\000i\000t\000e\000c\000t\000u\000r\000a\000\040\000d\000e\000\040\000u\000n\000a\000\040\000a\000p\000l\000i\000c\000a\000c\000i\000\363\000n\000\040\000w\000e\000b}{section.37}% 26
\BOOKMARK [3][-]{section*.43}{\376\377\000F\000r\000o\000n\000t\000e\000n\000d}{subsection.42}% 27
\BOOKMARK [3][-]{section*.45}{\376\377\000B\000a\000c\000k\000e\000n\000d}{subsection.42}% 28
\BOOKMARK [1][-]{section.46}{\376\377\000B\000a\000s\000e\000s\000\040\000d\000e\000\040\000D\000a\000t\000o\000s\000\040\000y\000\040\000P\000e\000r\000s\000i\000s\000t\000e\000n\000c\000i\000a}{chapter.11}% 29
\BOOKMARK [2][-]{subsection.47}{\376\377\000C\000o\000n\000c\000e\000p\000t\000o\000s\000\040\000d\000e\000\040\000b\000a\000s\000e\000s\000\040\000d\000e\000\040\000d\000a\000t\000o\000s\000\040\000r\000e\000l\000a\000c\000i\000o\000n\000a\000l\000e\000s}{section.46}% 30
\BOOKMARK [2][-]{subsection.48}{\376\377\000M\000o\000t\000o\000r\000e\000s\000\040\000d\000e\000\040\000b\000a\000s\000e\000s\000\040\000d\000e\000\040\000d\000a\000t\000o\000s\000\040\000e\000m\000b\000e\000b\000i\000d\000o\000s}{section.46}% 31
\BOOKMARK [0][-]{chapter.49}{\376\377\000D\000i\000s\000e\000\361\000o\000\040\000e\000\040\000i\000m\000p\000l\000e\000m\000e\000n\000t\000a\000c\000i\000\363\000n}{}% 32
\BOOKMARK [1][-]{section.50}{\376\377\000R\000e\000q\000u\000i\000s\000i\000t\000o\000s\000\040\000y\000\040\000e\000s\000p\000e\000c\000i\000f\000i\000c\000a\000c\000i\000o\000n\000e\000s\000\040\000d\000e\000l\000\040\000s\000i\000s\000t\000e\000m\000a}{chapter.49}% 33
\BOOKMARK [2][-]{subsection.51}{\376\377\000R\000e\000q\000u\000i\000s\000i\000t\000o\000s\000\040\000f\000u\000n\000c\000i\000o\000n\000a\000l\000e\000s}{section.50}% 34
\BOOKMARK [2][-]{subsection.52}{\376\377\000R\000e\000q\000u\000i\000s\000i\000t\000o\000s\000\040\000t\000\351\000c\000n\000i\000c\000o\000s}{section.50}% 35
\BOOKMARK [2][-]{subsection.53}{\376\377\000R\000e\000s\000t\000r\000i\000c\000c\000i\000o\000n\000e\000s\000\040\000d\000e\000\040\000d\000i\000s\000e\000\361\000o}{section.50}% 36
\BOOKMARK [1][-]{section.54}{\376\377\000D\000e\000t\000e\000c\000t\000o\000r\000\040\000o\000c\000u\000l\000a\000r}{chapter.49}% 37
\BOOKMARK [2][-]{subsection.55}{\376\377\000P\000r\000o\000c\000e\000s\000a\000m\000i\000e\000n\000t\000o\000\040\000l\000o\000c\000a\000l\000\040\000c\000o\000m\000o\000\040\000p\000l\000a\000n\000t\000e\000a\000m\000i\000e\000n\000t\000o\000\040\000i\000n\000i\000c\000i\000a\000l}{section.54}% 38
\BOOKMARK [3][-]{section*.56}{\376\377\000U\000m\000b\000r\000a\000l\000\040\000d\000e\000\040\000o\000s\000c\000u\000r\000i\000d\000a\000d\000\040\000y\000\040\000b\000r\000i\000l\000l\000a\000n\000t\000e\000z}{subsection.55}% 39
\BOOKMARK [3][-]{section*.58}{\376\377\000E\000d\000g\000e\000\040\000I\000m\000p\000u\000l\000s\000e}{subsection.55}% 40
\BOOKMARK [3][-]{section*.61}{\376\377\000T\000e\000n\000s\000o\000r\000F\000l\000o\000w\000\040\000L\000i\000t\000e}{subsection.55}% 41
\BOOKMARK [3][-]{section*.73}{\376\377\000C\000o\000n\000c\000l\000u\000s\000i\000\363\000n\000\040\000d\000e\000l\000\040\000p\000r\000o\000c\000e\000s\000a\000m\000i\000e\000n\000t\000o\000\040\000l\000o\000c\000a\000l}{subsection.55}% 42
\BOOKMARK [2][-]{subsection.74}{\376\377\000P\000r\000o\000c\000e\000s\000a\000m\000i\000e\000n\000t\000o\000\040\000r\000e\000m\000o\000t\000o\000\040\000p\000o\000r\000\040\000c\000o\000o\000r\000d\000e\000n\000a\000d\000a\000s}{section.54}% 43
\BOOKMARK [3][-]{section*.75}{\376\377\000M\000e\000d\000i\000a\000P\000i\000p\000e\000\040\000y\000\040\000W\000e\000b\000G\000a\000z\000e\000r}{subsection.74}% 44
\BOOKMARK [3][-]{section*.79}{\376\377\000O\000p\000e\000n\000C\000V\000\040\000y\000\040\000T\000r\000a\000n\000s\000f\000o\000r\000m\000a\000d\000a\000\040\000d\000e\000\040\000H\000o\000u\000g\000h}{subsection.74}% 45
\BOOKMARK [3][-]{section*.80}{\376\377\000C\000o\000n\000c\000l\000u\000s\000i\000\363\000n\000\040\000d\000e\000\040\000l\000a\000\040\000d\000e\000t\000e\000c\000c\000i\000\363\000n\000\040\000p\000o\000r\000\040\000c\000o\000o\000r\000d\000e\000n\000a\000d\000a\000s}{subsection.74}% 46
\BOOKMARK [2][-]{subsection.81}{\376\377\000T\000e\000m\000p\000l\000a\000t\000e\000\040\000M\000a\000t\000c\000h\000i\000n\000g\000\040\000c\000o\000m\000o\000\040\000s\000o\000l\000u\000c\000i\000\363\000n\000\040\000a\000d\000o\000p\000t\000a\000d\000a}{section.54}% 47
\BOOKMARK [3][-]{section*.82}{\376\377\000C\000a\000l\000i\000b\000r\000a\000c\000i\000\363\000n}{subsection.81}% 48
\BOOKMARK [3][-]{section*.83}{\376\377\000P\000r\000e\000p\000r\000o\000c\000e\000s\000a\000m\000i\000e\000n\000t\000o\000\040\000d\000e\000\040\000f\000o\000t\000o\000g\000r\000a\000m\000a\000s}{subsection.81}% 49
\BOOKMARK [3][-]{section*.84}{\376\377\000C\000o\000m\000p\000a\000r\000a\000c\000i\000\363\000n\000\040\000d\000e\000\040\000p\000l\000a\000n\000t\000i\000l\000l\000a\000s}{subsection.81}% 50
\BOOKMARK [1][-]{section.85}{\376\377\000A\000r\000q\000u\000i\000t\000e\000c\000t\000u\000r\000a\000\040\000d\000e\000l\000\040\000s\000i\000s\000t\000e\000m\000a}{chapter.49}% 51
\BOOKMARK [2][-]{subsection.86}{\376\377\000F\000u\000n\000c\000i\000o\000n\000e\000s\000\040\000d\000e\000\040\000c\000a\000d\000a\000\040\000m\000\363\000d\000u\000l\000o}{section.85}% 52
\BOOKMARK [2][-]{subsection.87}{\376\377\000I\000n\000t\000e\000r\000a\000c\000c\000i\000\363\000n\000\040\000e\000n\000t\000r\000e\000\040\000m\000\363\000d\000u\000l\000o\000s}{section.85}% 53
\BOOKMARK [2][-]{subsection.88}{\376\377\000M\000a\000p\000a\000\040\000d\000e\000\040\000m\000e\000m\000o\000r\000i\000a}{section.85}% 54
\BOOKMARK [1][-]{section.89}{\376\377\000M\000i\000c\000r\000o\000c\000o\000n\000t\000r\000o\000l\000a\000d\000o\000r\000e\000s\000\040\000y\000\040\000p\000e\000r\000i\000f\000\351\000r\000i\000c\000o\000s}{chapter.49}% 55
\BOOKMARK [2][-]{subsection.90}{\376\377\000E\000l\000e\000c\000c\000i\000\363\000n\000\040\000d\000e\000\040\000l\000a\000\040\000f\000a\000m\000i\000l\000i\000a\000\040\000E\000S\000P\0003\0002}{section.89}% 56
\BOOKMARK [2][-]{subsection.91}{\376\377\000M\000\363\000d\000u\000l\000o\000\040\000d\000e\000\040\000c\000a\000p\000t\000u\000r\000a}{section.89}% 57
\BOOKMARK [2][-]{subsection.93}{\376\377\000M\000\363\000d\000u\000l\000o\000\040\000c\000e\000n\000t\000r\000a\000l}{section.89}% 58
\BOOKMARK [1][-]{section.94}{\376\377\000R\000e\000d\000\040\000y\000\040\000c\000o\000m\000u\000n\000i\000c\000a\000c\000i\000\363\000n}{chapter.49}% 59
\BOOKMARK [2][-]{subsection.95}{\376\377\000R\000e\000d\000\040\000W\000i\000-\000F\000i\000\040\000l\000o\000c\000a\000l}{section.94}% 60
\BOOKMARK [2][-]{subsection.96}{\376\377\000A\000c\000c\000e\000s\000o\000\040\000a\000\040\000l\000a\000\040\000a\000p\000l\000i\000c\000a\000c\000i\000\363\000n}{section.94}% 61
\BOOKMARK [2][-]{subsection.97}{\376\377\000T\000r\000a\000n\000s\000m\000i\000s\000i\000\363\000n\000\040\000d\000e\000\040\000v\000i\000d\000e\000o}{section.94}% 62
\BOOKMARK [2][-]{subsection.98}{\376\377\000C\000o\000m\000u\000n\000i\000c\000a\000c\000i\000\363\000n\000\040\000c\000o\000n\000\040\000e\000l\000\040\000m\000\363\000d\000u\000l\000o\000\040\000c\000e\000n\000t\000r\000a\000l}{section.94}% 63
\BOOKMARK [1][-]{section.99}{\376\377\000B\000a\000s\000e\000\040\000d\000e\000\040\000d\000a\000t\000o\000s\000\040\000\050\000N\000a\000t\000y\000\051}{chapter.49}% 64
\BOOKMARK [1][-]{section.100}{\376\377\000A\000p\000l\000i\000c\000a\000c\000i\000\363\000n\000\040\000w\000e\000b}{chapter.49}% 65
\BOOKMARK [2][-]{subsection.101}{\376\377\000F\000r\000o\000n\000t\000e\000n\000d}{section.100}% 66
\BOOKMARK [2][-]{subsection.102}{\376\377\000B\000a\000c\000k\000e\000n\000d\000\040\000\050\000N\000a\000t\000y\000\051}{section.100}% 67
\BOOKMARK [1][-]{section.103}{\376\377\000I\000n\000t\000e\000r\000f\000a\000z\000\040\000d\000e\000\040\000u\000s\000u\000a\000r\000i\000o\000\040\000t\000\341\000c\000t\000i\000l}{chapter.49}% 68
\BOOKMARK [1][-]{section.104}{\376\377\000A\000l\000i\000m\000e\000n\000t\000a\000c\000i\000\363\000n}{chapter.49}% 69
\BOOKMARK [2][-]{subsection.105}{\376\377\000S\000o\000l\000u\000c\000i\000o\000n\000e\000s\000\040\000p\000r\000o\000p\000u\000e\000s\000t\000a\000s}{section.104}% 70
\BOOKMARK [2][-]{subsection.106}{\376\377\000D\000e\000s\000c\000r\000i\000p\000c\000i\000\363\000n\000\040\000d\000e\000l\000\040\000s\000i\000s\000t\000e\000m\000a\000\040\000e\000l\000e\000g\000i\000d\000o}{section.104}% 71
\BOOKMARK [2][-]{subsection.107}{\376\377\000R\000e\000c\000a\000r\000g\000a\000\040\000y\000\040\000p\000r\000o\000t\000e\000c\000c\000i\000\363\000n}{section.104}% 72
\BOOKMARK [2][-]{subsection.120}{\376\377\000E\000s\000t\000a\000b\000i\000l\000i\000z\000a\000c\000i\000\363\000n\000\040\000d\000e\000\040\000v\000o\000l\000t\000a\000j\000e}{section.104}% 73
\BOOKMARK [1][-]{section.131}{\376\377\000C\000o\000s\000t\000o\000\040\000t\000o\000t\000a\000l\000\040\000d\000e\000\040\000d\000e\000s\000a\000r\000r\000o\000l\000l\000o}{chapter.49}% 74
\BOOKMARK [0][-]{chapter.132}{\376\377\000E\000n\000s\000a\000y\000o\000s\000\040\000y\000\040\000r\000e\000s\000u\000l\000t\000a\000d\000o\000s}{}% 75
\BOOKMARK [1][-]{section.133}{\376\377\000M\000o\000n\000t\000a\000j\000e}{chapter.132}% 76
\BOOKMARK [2][-]{subsection.134}{\376\377\000C\000o\000n\000e\000x\000i\000o\000n\000e\000s\000\040\000y\000\040\000P\000C\000B}{section.133}% 77
\BOOKMARK [2][-]{subsection.140}{\376\377\000E\000n\000s\000a\000m\000b\000l\000a\000j\000e\000\040\000d\000e\000l\000\040\000p\000r\000o\000t\000o\000t\000i\000p\000o}{section.133}% 78
\BOOKMARK [1][-]{section.141}{\376\377\000P\000r\000u\000e\000b\000a\000s\000\040\000d\000e\000\040\000S\000o\000f\000t\000w\000a\000r\000e}{chapter.132}% 79
\BOOKMARK [2][-]{subsection.142}{\376\377\000P\000r\000u\000e\000b\000a\000s\000\040\000d\000e\000l\000\040\000t\000r\000a\000c\000k\000e\000r}{section.141}% 80
\BOOKMARK [2][-]{subsection.143}{\376\377\000P\000r\000u\000e\000b\000a\000s\000\040\000u\000n\000i\000t\000a\000r\000i\000a\000s}{section.141}% 81
\BOOKMARK [1][-]{section.144}{\376\377\000P\000r\000u\000e\000b\000a\000s\000\040\000d\000e\000\040\000H\000a\000r\000d\000w\000a\000r\000e}{chapter.132}% 82
\BOOKMARK [1][-]{section.145}{\376\377\000P\000r\000u\000e\000b\000a\000s\000\040\000d\000e\000\040\000r\000e\000n\000d\000i\000m\000i\000e\000n\000t\000o}{chapter.132}% 83
\BOOKMARK [1][-]{section.146}{\376\377\000P\000r\000u\000e\000b\000a\000s\000\040\000d\000e\000\040\000i\000n\000t\000e\000g\000r\000a\000c\000i\000\363\000n}{chapter.132}% 84
\BOOKMARK [0][-]{chapter.147}{\376\377\000C\000o\000n\000c\000l\000u\000s\000i\000o\000n\000e\000s}{}% 85
\BOOKMARK [1][-]{section.148}{\376\377\000R\000e\000s\000u\000l\000t\000a\000d\000o\000s\000\040\000o\000b\000t\000e\000n\000i\000d\000o\000s}{chapter.147}% 86
\BOOKMARK [1][-]{section.149}{\376\377\000C\000o\000m\000p\000a\000r\000a\000c\000i\000\363\000n\000\040\000c\000o\000n\000\040\000p\000r\000o\000d\000u\000c\000t\000o\000s\000\040\000s\000i\000m\000i\000l\000a\000r\000e\000s}{chapter.147}% 87
\BOOKMARK [1][-]{section.150}{\376\377\000T\000r\000a\000b\000a\000j\000o\000\040\000f\000u\000t\000u\000r\000o}{chapter.147}% 88
