This is pdfTeX, Version 3.141592653-2.6-1.40.28 (MiKTeX 25.12) (preloaded format=pdflatex 2026.8.5)  7 OCT 2026 21:17
entering extended mode
 restricted \write18 enabled.
 %&-line parsing enabled.
**./informe.tex
(informe.tex
LaTeX2e <2025-11-01>
L3 programming layer <2025-12-24>
(MastersDoctoralThesis.cls
Document Class: MastersDoctoralThesis 2016/03/25 v1.4 LaTeXTemplates.com
(C:\Users\facuf\AppData\Local\Programs\MiKTeX\tex/latex/etoolbox\etoolbox.sty
Package: etoolbox 2025/10/02 v2.5m e-TeX tools for LaTeX (JAW)
\etb@tempcnta=\count275
)
(C:\Users\facuf\AppData\Local\Programs\MiKTeX\tex/latex/l3packages/xparse\xpars
e.sty
(C:\Users\facuf\AppData\Local\Programs\MiKTeX\tex/latex/l3kernel\expl3.sty
Package: expl3 2025-12-24 L3 programming layer (loader) 

(C:\Users\facuf\AppData\Local\Programs\MiKTeX\tex/latex/l3backend\l3backend-pdf
tex.def
File: l3backend-pdftex.def 2025-10-09 L3 backend support: PDF output (pdfTeX)
\l__color_backend_stack_int=\count276
))
Package: xparse 2025-10-09 L3 Experimental document command parser
)
(C:\Users\facuf\AppData\Local\Programs\MiKTeX\tex/latex/base\book.cls
Document Class: book 2025/01/22 v1.4n Standard LaTeX document class
(C:\Users\facuf\AppData\Local\Programs\MiKTeX\tex/latex/base\bk11.clo
File: bk11.clo 2025/01/22 v1.4n Standard LaTeX file (size option)
)
\c@part=\count277
\c@chapter=\count278
\c@section=\count279
\c@subsection=\count280
\c@subsubsection=\count281
\c@paragraph=\count282
\c@subparagraph=\count283
\c@figure=\count284
\c@table=\count285
\abovecaptionskip=\skip49
\belowcaptionskip=\skip50
\bibindent=\dimen148
)
(C:\Users\facuf\AppData\Local\Programs\MiKTeX\tex/latex/parskip\parskip.sty
Package: parskip 2021-03-14 v2.0h non-zero parskip adjustments

(C:\Users\facuf\AppData\Local\Programs\MiKTeX\tex/latex/kvoptions\kvoptions.sty
Package: kvoptions 2022-06-15 v3.15 Key value format for package options (HO)
(C:\Users\facuf\AppData\Local\Programs\MiKTeX\tex/latex/graphics\keyval.sty
Package: keyval 2022/05/29 v1.15 key=value parser (DPC)
\KV@toks@=\toks17
)
(C:\Users\facuf\AppData\Local\Programs\MiKTeX\tex/generic/ltxcmds\ltxcmds.sty
Package: ltxcmds 2023-12-04 v1.26 LaTeX kernel commands for general use (HO)
)
(C:\Users\facuf\AppData\Local\Programs\MiKTeX\tex/latex/kvsetkeys\kvsetkeys.sty
Package: kvsetkeys 2022-10-05 v1.19 Key value parser (HO)
))) (C:\Users\facuf\AppData\Local\Programs\MiKTeX\tex/generic/babel\babel.sty
Package: babel 2025/12/11 v25.17 The multilingual framework for LuaLaTeX, pdfLa
TeX and XeLaTeX
\babel@savecnt=\count286
LaTeX Encoding Info:    Redeclaring text command \ij (encoding OT1) on input li
ne 2068.
LaTeX Encoding Info:    Redeclaring text command \IJ (encoding OT1) on input li
ne 2070.
LaTeX Encoding Info:    Redeclaring text command \ij (encoding T1) on input lin
e 2072.
LaTeX Encoding Info:    Redeclaring text command \IJ (encoding T1) on input lin
e 2073.
LaTeX Encoding Info:    Ignoring declaration for text command \ij (encoding ?) 
on input line 2074.
LaTeX Encoding Info:    Ignoring declaration for text command \IJ (encoding ?) 
on input line 2076.
LaTeX Encoding Info:    Ignoring declaration for text command \SS (encoding ?) 
on input line 2101.
\U@D=\dimen149
\l@unhyphenated=\language79

(C:\Users\facuf\AppData\Local\Programs\MiKTeX\tex/generic/babel\txtbabel.def)
\bbl@readstream=\read2
\bbl@dirlevel=\count287
Package babel Info: Configuration files are deprecated, as
(babel)             they can break document portability.
(babel)             Reported on input line 4196.

*************************************
* Local config file bblopts.cfg used
*
(C:\Users\facuf\AppData\Local\Programs\MiKTeX\tex/latex/arabi\bblopts.cfg
File: bblopts.cfg 2005/09/08 v0.1 add Arabic and Farsi to "declared" options of
 babel
)
(C:\Users\facuf\AppData\Local\Programs\MiKTeX\tex/generic/babel/locale/es\babel
-spanish.tex)
Package babel Info: Importing font and identification data for spanish
(babel)             from babel-es.ini. Reported on input line 4320.

(C:\Users\facuf\AppData\Local\Programs\MiKTeX\tex/latex/babel-spanish\spanish.l
df
Language: spanish.ldf 2021/05/27 v5.0q Spanish support from the babel system
\es@quottoks=\toks18
\es@quotdepth=\count288
Package babel Info: Making " an active character on input line 570.
Package babel Info: Making . an active character on input line 675.
Package babel Info: Making < an active character on input line 722.
Package babel Info: Making > an active character on input line 722.
))
LaTeX Encoding Info:    Redeclaring text command \guillemotleft (encoding OT1) 
on input line 156.
LaTeX Encoding Info:    Redeclaring text command \guillemotright (encoding OT1)
 on input line 156.

(C:\Users\facuf\AppData\Local\Programs\MiKTeX\tex/latex/koma-script\scrbase.sty
Package: scrbase 2026/02/02 v3.49.2 KOMA-Script package (KOMA-Script-independen
t basics and keyval usage)

(C:\Users\facuf\AppData\Local\Programs\MiKTeX\tex/latex/koma-script\scrlfile.st
y
Package: scrlfile 2026/02/02 v3.49.2 KOMA-Script package (file load hooks)

(C:\Users\facuf\AppData\Local\Programs\MiKTeX\tex/latex/koma-script\scrlfile-ho
ok.sty
Package: scrlfile-hook 2026/02/02 v3.49.2 KOMA-Script package (using LaTeX hook
s)

(C:\Users\facuf\AppData\Local\Programs\MiKTeX\tex/latex/koma-script\scrlogo.sty
Package: scrlogo 2026/02/02 v3.49.2 KOMA-Script package (logo)
)))
Applying: [2021/05/01] Usage of raw or classic option list on input line 254.
Already applied: [0000/00/00] Usage of raw or classic option list on input line
 370.
)
(C:\Users\facuf\AppData\Local\Programs\MiKTeX\tex/latex/scrhack\scrhack.sty
Package: scrhack 2024-09-04 v3.42 scrhack emulation package
)
(C:\Users\facuf\AppData\Local\Programs\MiKTeX\tex/latex/setspace\setspace.sty
Package: setspace 2022/12/04 v6.7b set line spacing
)
(C:\Users\facuf\AppData\Local\Programs\MiKTeX\tex/latex/setspaceenhanced\setspa
ceenhanced.sty
Package: setspaceenhanced 2024-11-12 v1.04 improved setspace package
)
(C:\Users\facuf\AppData\Local\Programs\MiKTeX\tex/latex/tools\longtable.sty
Package: longtable 2025-10-13 v4.24 Multi-page Table package (DPC)
\LTleft=\skip51
\LTright=\skip52
\LTpre=\skip53
\LTpost=\skip54
\LTchunksize=\count289
\LTcapwidth=\dimen150
\LT@head=\box53
\LT@firsthead=\box54
\LT@foot=\box55
\LT@lastfoot=\box56
\LT@gbox=\box57
\LT@cols=\count290
\LT@rows=\count291
\c@LT@tables=\count292
\c@LT@chunks=\count293
\LT@p@ftn=\toks19
)
(C:\Users\facuf\AppData\Local\Programs\MiKTeX\tex/latex/siunitx\siunitx.sty
Package: siunitx 2026-05-15 v3.5.5 A comprehensive (SI) units package
\l__siunitx_number_uncert_offset_int=\count294
\l__siunitx_number_exponent_fixed_int=\count295
\l__siunitx_number_min_decimal_int=\count296
\l__siunitx_number_min_integer_int=\count297
\l__siunitx_number_round_precision_int=\count298
\l__siunitx_number_lower_threshold_int=\count299
\l__siunitx_number_upper_threshold_int=\count300
\l__siunitx_number_group_first_int=\count301
\l__siunitx_number_group_size_int=\count302
\l__siunitx_number_group_min_int=\count303
\l__siunitx_number_group_minimum_int=\count304
\l__siunitx_compound_count_int=\count305

(C:\Users\facuf\AppData\Local\Programs\MiKTeX\tex/latex/translations\translatio
ns.sty
Package: translations 2022/02/05 v1.12 internationalization of LaTeX2e packages
 (CN)

(C:\Users\facuf\AppData\Local\Programs\MiKTeX\tex/generic/pdftexcmds\pdftexcmds
.sty
Package: pdftexcmds 2020-06-27 v0.33 Utility functions of pdfTeX for LuaTeX (HO
)

(C:\Users\facuf\AppData\Local\Programs\MiKTeX\tex/generic/infwarerr\infwarerr.s
ty
Package: infwarerr 2019/12/03 v1.5 Providing info/warning/error messages (HO)
) (C:\Users\facuf\AppData\Local\Programs\MiKTeX\tex/generic/iftex\iftex.sty
Package: iftex 2024/12/12 v1.0g TeX engine tests
)
Package pdftexcmds Info: \pdf@primitive is available.
Package pdftexcmds Info: \pdf@ifprimitive is available.
Package pdftexcmds Info: \pdfdraftmode found.
)) (C:\Users\facuf\AppData\Local\Programs\MiKTeX\tex/latex/amsmath\amstext.sty
Package: amstext 2024/11/17 v2.01 AMS text

(C:\Users\facuf\AppData\Local\Programs\MiKTeX\tex/latex/amsmath\amsgen.sty
File: amsgen.sty 1999/11/30 v2.0 generic functions
\@emptytoks=\toks20
\ex@=\dimen151
))
\l__siunitx_table_tmp_box=\box58
\l__siunitx_table_tmp_dim=\dimen152
\l__siunitx_table_column_width_dim=\dimen153
\l__siunitx_table_integer_box=\box59
\l__siunitx_table_decimal_box=\box60
\l__siunitx_table_uncert_box=\box61
\l__siunitx_table_before_box=\box62
\l__siunitx_table_after_box=\box63
\l__siunitx_table_before_dim=\dimen154
\l__siunitx_table_carry_dim=\dimen155
\l__siunitx_unit_tmp_int=\count306
\l__siunitx_unit_position_int=\count307
\l__siunitx_unit_total_int=\count308
\l__siunitx_sexagesimal_tmp_dim=\dimen156
\l__siunitx_sexagesimal_marker_box=\box64
\l__siunitx_sexagesimal_unit_box=\box65

(C:\Users\facuf\AppData\Local\Programs\MiKTeX\tex/latex/tools\array.sty
Package: array 2025/09/25 v2.6n Tabular extension package (FMi)
\col@sep=\dimen157
\ar@mcellbox=\box66
\extrarowheight=\dimen158
\NC@list=\toks21
\extratabsurround=\skip55
\backup@length=\skip56
\ar@cellbox=\box67
))
(C:\Users\facuf\AppData\Local\Programs\MiKTeX\tex/latex/graphics\graphicx.sty
Package: graphicx 2024/12/31 v1.2e Enhanced LaTeX Graphics (DPC,SPQR)

(C:\Users\facuf\AppData\Local\Programs\MiKTeX\tex/latex/graphics\graphics.sty
Package: graphics 2024/08/06 v1.4g Standard LaTeX Graphics (DPC,SPQR)

(C:\Users\facuf\AppData\Local\Programs\MiKTeX\tex/latex/graphics\trig.sty
Package: trig 2023/12/02 v1.11 sin cos tan (DPC)
)
(C:\Users\facuf\AppData\Local\Programs\MiKTeX\tex/latex/graphics-cfg\graphics.c
fg
File: graphics.cfg 2016/06/04 v1.11 sample graphics configuration
)
Package graphics Info: Driver file: pdftex.def on input line 106.

(C:\Users\facuf\AppData\Local\Programs\MiKTeX\tex/latex/graphics-def\pdftex.def
File: pdftex.def 2025/09/29 v1.2d Graphics/color driver for pdftex
))
\Gin@req@height=\dimen159
\Gin@req@width=\dimen160
)
(C:\Users\facuf\AppData\Local\Programs\MiKTeX\tex/latex/booktabs\booktabs.sty
Package: booktabs 2020/01/12 v1.61803398 Publication quality tables
\heavyrulewidth=\dimen161
\lightrulewidth=\dimen162
\cmidrulewidth=\dimen163
\belowrulesep=\dimen164
\belowbottomsep=\dimen165
\aboverulesep=\dimen166
\abovetopsep=\dimen167
\cmidrulesep=\dimen168
\cmidrulekern=\dimen169
\defaultaddspace=\dimen170
\@cmidla=\count309
\@cmidlb=\count310
\@aboverulesep=\dimen171
\@belowrulesep=\dimen172
\@thisruleclass=\count311
\@lastruleclass=\count312
\@thisrulewidth=\dimen173
)
(C:\Users\facuf\AppData\Local\Programs\MiKTeX\tex/latex/caption\caption.sty
Package: caption 2023/08/05 v3.6o Customizing captions (AR)

(C:\Users\facuf\AppData\Local\Programs\MiKTeX\tex/latex/caption\caption3.sty
Package: caption3 2023/07/31 v2.4d caption3 kernel (AR)
\caption@tempdima=\dimen174
\captionmargin=\dimen175
\caption@leftmargin=\dimen176
\caption@rightmargin=\dimen177
\caption@width=\dimen178
\caption@indent=\dimen179
\caption@parindent=\dimen180
\caption@hangindent=\dimen181
Package caption Info: Standard document class detected.
)
\c@caption@flags=\count313
\c@continuedfloat=\count314
Package caption Info: longtable package is loaded.

(C:\Users\facuf\AppData\Local\Programs\MiKTeX\tex/latex/caption\ltcaption.sty
Package: ltcaption 2021/01/08 v1.4c longtable captions (AR)
)) (C:\Users\facuf\AppData\Local\Programs\MiKTeX\tex/latex/geometry\geometry.st
y
Package: geometry 2026/03/07 v6.0 Page Geometry

(C:\Users\facuf\AppData\Local\Programs\MiKTeX\tex/generic/iftex\ifvtex.sty
Package: ifvtex 2019/10/25 v1.7 ifvtex legacy package. Use iftex instead.
)
\Gm@cnth=\count315
\Gm@cntv=\count316
\c@Gm@tempcnt=\count317
\Gm@bindingoffset=\dimen182
\Gm@wd@mp=\dimen183
\Gm@odd@mp=\dimen184
\Gm@even@mp=\dimen185
\Gm@layoutwidth=\dimen186
\Gm@layoutheight=\dimen187
\Gm@layouthoffset=\dimen188
\Gm@layoutvoffset=\dimen189
\Gm@dimlist=\toks22

(C:\Users\facuf\AppData\Local\Programs\MiKTeX\tex/latex/geometry\geometry.cfg))

(C:\Users\facuf\AppData\Local\Programs\MiKTeX\tex/latex/koma-script\scrlayer-sc
rpage.sty
Package: scrlayer-scrpage 2026/02/02 v3.49.2 KOMA-Script package (end user inte
rface for scrlayer)

(C:\Users\facuf\AppData\Local\Programs\MiKTeX\tex/latex/koma-script\scrlayer.st
y
Package: scrlayer 2026/02/02 v3.49.2 KOMA-Script package (defining layers and p
age styles)

(C:\Users\facuf\AppData\Local\Programs\MiKTeX\tex/latex/koma-script\scrkbase.st
y
Package: scrkbase 2026/02/02 v3.49.2 KOMA-Script package (KOMA-Script-dependent
 basics and keyval usage)
)
\footheight=\skip57
Package scrlayer Info: patching LaTeX kernel macro \pagestyle on input line 217
9.
)
Package scrbase Info: Unknown processing state.
(scrbase)             Processing option `markcase=used'
(scrbase)             of member `.scrlayer-scrpage.sty' of family
(scrbase)             `KOMA' doesn't set
(scrbase)             a valid state. This will be interpreted
(scrbase)             as \FamilyKeyStateProcessed on input line 649.
)) (C:\Users\facuf\AppData\Local\Programs\MiKTeX\tex/latex/base\inputenc.sty
Package: inputenc 2024/02/08 v1.3d Input encoding file
\inpenc@prehook=\toks23
\inpenc@posthook=\toks24
) (C:\Users\facuf\AppData\Local\Programs\MiKTeX\tex/latex/base\fontenc.sty
Package: fontenc 2025/07/18 v2.1d Standard LaTeX package
)
(C:\Users\facuf\AppData\Local\Programs\MiKTeX\tex/latex/cmbright\cmbright.sty
Package: cmbright 2005/04/13 v8.1 (WaS)
LaTeX Font Info:    Redeclaring symbol font `operators' on input line 29.
LaTeX Font Info:    Overwriting symbol font `operators' in version `normal'
(Font)                  OT1/cmr/m/n --> OT1/cmbr/m/n on input line 29.
LaTeX Font Info:    Overwriting symbol font `operators' in version `bold'
(Font)                  OT1/cmr/bx/n --> OT1/cmbr/m/n on input line 29.
LaTeX Font Info:    Redeclaring symbol font `letters' on input line 30.
LaTeX Font Info:    Overwriting symbol font `letters' in version `normal'
(Font)                  OML/cmm/m/it --> OML/cmbrm/m/it on input line 30.
LaTeX Font Info:    Overwriting symbol font `letters' in version `bold'
(Font)                  OML/cmm/b/it --> OML/cmbrm/m/it on input line 30.
LaTeX Font Info:    Overwriting symbol font `letters' in version `bold'
(Font)                  OML/cmbrm/m/it --> OML/cmbrm/b/it on input line 31.
LaTeX Font Info:    Redeclaring symbol font `symbols' on input line 32.
LaTeX Font Info:    Overwriting symbol font `symbols' in version `normal'
(Font)                  OMS/cmsy/m/n --> OMS/cmbrs/m/n on input line 32.
LaTeX Font Info:    Overwriting symbol font `symbols' in version `bold'
(Font)                  OMS/cmsy/b/n --> OMS/cmbrs/m/n on input line 32.
LaTeX Font Info:    Redeclaring math alphabet \mathit on input line 33.
LaTeX Font Info:    Overwriting math alphabet `\mathit' in version `normal'
(Font)                  OT1/cmr/m/it --> OT1/cmbr/m/sl on input line 33.
LaTeX Font Info:    Overwriting math alphabet `\mathit' in version `bold'
(Font)                  OT1/cmr/bx/it --> OT1/cmbr/m/sl on input line 33.
LaTeX Font Info:    Redeclaring math alphabet \mathbf on input line 34.
LaTeX Font Info:    Overwriting math alphabet `\mathbf' in version `normal'
(Font)                  OT1/cmr/bx/n --> OT1/cmbr/bx/n on input line 34.
LaTeX Font Info:    Overwriting math alphabet `\mathbf' in version `bold'
(Font)                  OT1/cmr/bx/n --> OT1/cmbr/bx/n on input line 34.
LaTeX Font Info:    Redeclaring math alphabet \mathtt on input line 35.
LaTeX Font Info:    Overwriting math alphabet `\mathtt' in version `normal'
(Font)                  OT1/cmtt/m/n --> OT1/cmtl/m/n on input line 35.
LaTeX Font Info:    Overwriting math alphabet `\mathtt' in version `bold'
(Font)                  OT1/cmtt/m/n --> OT1/cmtl/m/n on input line 35.
LaTeX Font Info:    Redeclaring math symbol \alpha on input line 37.
LaTeX Font Info:    Redeclaring math symbol \beta on input line 38.
LaTeX Font Info:    Redeclaring math symbol \gamma on input line 39.
LaTeX Font Info:    Redeclaring math symbol \delta on input line 40.
LaTeX Font Info:    Redeclaring math symbol \epsilon on input line 41.
LaTeX Font Info:    Redeclaring math symbol \zeta on input line 42.
LaTeX Font Info:    Redeclaring math symbol \eta on input line 43.
LaTeX Font Info:    Redeclaring math symbol \theta on input line 44.
LaTeX Font Info:    Redeclaring math symbol \iota on input line 45.
LaTeX Font Info:    Redeclaring math symbol \kappa on input line 46.
LaTeX Font Info:    Redeclaring math symbol \lambda on input line 47.
LaTeX Font Info:    Redeclaring math symbol \mu on input line 48.
LaTeX Font Info:    Redeclaring math symbol \nu on input line 49.
LaTeX Font Info:    Redeclaring math symbol \xi on input line 50.
LaTeX Font Info:    Redeclaring math symbol \pi on input line 51.
LaTeX Font Info:    Redeclaring math symbol \rho on input line 52.
LaTeX Font Info:    Redeclaring math symbol \sigma on input line 53.
LaTeX Font Info:    Redeclaring math symbol \tau on input line 54.
LaTeX Font Info:    Redeclaring math symbol \upsilon on input line 55.
LaTeX Font Info:    Redeclaring math symbol \phi on input line 56.
LaTeX Font Info:    Redeclaring math symbol \chi on input line 57.
LaTeX Font Info:    Redeclaring math symbol \psi on input line 58.
LaTeX Font Info:    Redeclaring math symbol \omega on input line 59.
LaTeX Font Info:    Redeclaring math symbol \varepsilon on input line 60.
LaTeX Font Info:    Redeclaring math symbol \vartheta on input line 61.
LaTeX Font Info:    Redeclaring math symbol \varpi on input line 62.
LaTeX Font Info:    Redeclaring math symbol \varrho on input line 63.
LaTeX Font Info:    Redeclaring math symbol \varsigma on input line 64.
LaTeX Font Info:    Redeclaring math symbol \varphi on input line 65.
LaTeX Info: Redefining \LaTeX on input line 129.
LaTeX Info: Redefining \LaTeXe on input line 139.
LaTeX Font Info:    Trying to load font information for T1+cmbr on input line 1
44.

(C:\Users\facuf\AppData\Local\Programs\MiKTeX\tex/latex/cmbright\t1cmbr.fd
File: t1cmbr.fd 2005/04/13 v8.1 (WaS)
))
(C:\Users\facuf\AppData\Local\Programs\MiKTeX\tex/latex/biblatex\biblatex.sty
Package: biblatex 2025/07/10 v3.21 programmable bibliographies (PK/MW)

(C:\Users\facuf\AppData\Local\Programs\MiKTeX\tex/latex/logreq\logreq.sty
Package: logreq 2010/08/04 v1.0 xml request logger
\lrq@indent=\count318

(C:\Users\facuf\AppData\Local\Programs\MiKTeX\tex/latex/logreq\logreq.def
File: logreq.def 2010/08/04 v1.0 logreq spec v1.0
))
(C:\Users\facuf\AppData\Local\Programs\MiKTeX\tex/latex/base\ifthen.sty
Package: ifthen 2024/03/16 v1.1e Standard LaTeX ifthen package (DPC)
)
(C:\Users\facuf\AppData\Local\Programs\MiKTeX\tex/latex/url\url.sty
\Urlmuskip=\muskip17
Package: url 2013/09/16  ver 3.4  Verb mode for urls, etc.
)
\c@tabx@nest=\count319
\c@listtotal=\count320
\c@listcount=\count321
\c@liststart=\count322
\c@liststop=\count323
\c@citecount=\count324
\c@citetotal=\count325
\c@multicitecount=\count326
\c@multicitetotal=\count327
\c@instcount=\count328
\c@maxnames=\count329
\c@minnames=\count330
\c@maxitems=\count331
\c@minitems=\count332
\c@citecounter=\count333
\c@maxcitecounter=\count334
\c@savedcitecounter=\count335
\c@uniquelist=\count336
\c@uniquename=\count337
\c@refsection=\count338
\c@refsegment=\count339
\c@maxextratitle=\count340
\c@maxextratitleyear=\count341
\c@maxextraname=\count342
\c@maxextradate=\count343
\c@maxextraalpha=\count344
\c@abbrvpenalty=\count345
\c@highnamepenalty=\count346
\c@lownamepenalty=\count347
\c@maxparens=\count348
\c@parenlevel=\count349
\blx@tempcnta=\count350
\blx@tempcntb=\count351
\blx@tempcntc=\count352
\c@blx@maxsection=\count353
\blx@maxsegment@0=\count354
\blx@notetype=\count355
\blx@parenlevel@text=\count356
\blx@parenlevel@foot=\count357
\blx@sectionciteorder@0=\count358
\blx@sectionciteorderinternal@0=\count359
\blx@entrysetcounter=\count360
\blx@biblioinstance=\count361
\labelnumberwidth=\skip58
\labelalphawidth=\skip59
\biblabelsep=\skip60
\bibitemsep=\skip61
\bibnamesep=\skip62
\bibinitsep=\skip63
\bibparsep=\skip64
\bibhang=\skip65
\blx@bcfin=\read3
\blx@bcfout=\write3
\blx@langwohyphens=\language80
\c@mincomprange=\count362
\c@maxcomprange=\count363
\c@mincompwidth=\count364
Package biblatex Info: Trying to load biblatex default data model...
Package biblatex Info: ... file 'blx-dm.def' found.

(C:\Users\facuf\AppData\Local\Programs\MiKTeX\tex/latex/biblatex\blx-dm.def
File: blx-dm.def 2025/07/10 v3.21 biblatex datamodel (PK/MW)
)
Package biblatex Info: Trying to load biblatex style data model...
Package biblatex Info: ... file 'numeric.dbx' not found.
Package biblatex Info: Trying to load biblatex custom data model...
Package biblatex Info: ... file 'biblatex-dm.cfg' not found.
\c@afterword=\count365
\c@savedafterword=\count366
\c@annotator=\count367
\c@savedannotator=\count368
\c@author=\count369
\c@savedauthor=\count370
\c@bookauthor=\count371
\c@savedbookauthor=\count372
\c@commentator=\count373
\c@savedcommentator=\count374
\c@editor=\count375
\c@savededitor=\count376
\c@editora=\count377
\c@savededitora=\count378
\c@editorb=\count379
\c@savededitorb=\count380
\c@editorc=\count381
\c@savededitorc=\count382
\c@foreword=\count383
\c@savedforeword=\count384
\c@holder=\count385
\c@savedholder=\count386
\c@introduction=\count387
\c@savedintroduction=\count388
\c@namea=\count389
\c@savednamea=\count390
\c@nameb=\count391
\c@savednameb=\count392
\c@namec=\count393
\c@savednamec=\count394
\c@translator=\count395
\c@savedtranslator=\count396
\c@shortauthor=\count397
\c@savedshortauthor=\count398
\c@shorteditor=\count399
\c@savedshorteditor=\count400
\c@labelname=\count401
\c@savedlabelname=\count402
\c@institution=\count403
\c@savedinstitution=\count404
\c@lista=\count405
\c@savedlista=\count406
\c@listb=\count407
\c@savedlistb=\count408
\c@listc=\count409
\c@savedlistc=\count410
\c@listd=\count411
\c@savedlistd=\count412
\c@liste=\count413
\c@savedliste=\count414
\c@listf=\count415
\c@savedlistf=\count416
\c@location=\count417
\c@savedlocation=\count418
\c@organization=\count419
\c@savedorganization=\count420
\c@origlocation=\count421
\c@savedoriglocation=\count422
\c@origpublisher=\count423
\c@savedorigpublisher=\count424
\c@publisher=\count425
\c@savedpublisher=\count426
\c@language=\count427
\c@savedlanguage=\count428
\c@origlanguage=\count429
\c@savedoriglanguage=\count430
\c@pageref=\count431
\c@savedpageref=\count432
\shorthandwidth=\skip66
\shortjournalwidth=\skip67
\shortserieswidth=\skip68
\shorttitlewidth=\skip69
\shortauthorwidth=\skip70
\shorteditorwidth=\skip71
\locallabelnumberwidth=\skip72
\locallabelalphawidth=\skip73
\localshorthandwidth=\skip74
\localshortjournalwidth=\skip75
\localshortserieswidth=\skip76
\localshorttitlewidth=\skip77
\localshortauthorwidth=\skip78
\localshorteditorwidth=\skip79
Package biblatex Info: Trying to load compatibility code...
Package biblatex Info: ... file 'blx-compat.def' found.

(C:\Users\facuf\AppData\Local\Programs\MiKTeX\tex/latex/biblatex\blx-compat.def
File: blx-compat.def 2025/07/10 v3.21 biblatex compatibility (PK/MW)
)
Package biblatex Info: Trying to load generic definitions...
Package biblatex Info: ... file 'biblatex.def' found.
 (C:\Users\facuf\AppData\Local\Programs\MiKTeX\tex/latex/biblatex\biblatex.def
File: biblatex.def 2025/07/10 v3.21 biblatex compatibility (PK/MW)
\c@textcitecount=\count433
\c@textcitetotal=\count434
\c@textcitemaxnames=\count435
\c@biburlbigbreakpenalty=\count436
\c@biburlbreakpenalty=\count437
\c@biburlnumpenalty=\count438
\c@biburlucpenalty=\count439
\c@biburllcpenalty=\count440
\biburlbigskip=\muskip18
\biburlnumskip=\muskip19
\biburlucskip=\muskip20
\biburllcskip=\muskip21
\c@smartand=\count441
)
Package biblatex Info: Trying to load natbib compatibility...
Package biblatex Info: ... file 'blx-natbib.def' found.

(C:\Users\facuf\AppData\Local\Programs\MiKTeX\tex/latex/biblatex\blx-natbib.def
File: blx-natbib.def 2025/07/10 v3.21 biblatex compatibility (PK/MW)
Package biblatex Info: Delimiter 'nameyeardelim' in context '' already defined,
 overwriting.
)
Package biblatex Info: Trying to load bibliography style 'numeric'...
Package biblatex Info: ... file 'numeric.bbx' found.

(C:\Users\facuf\AppData\Local\Programs\MiKTeX\tex/latex/biblatex/bbx\numeric.bb
x
File: numeric.bbx 2025/07/10 v3.21 biblatex bibliography style (PK/MW)
Package biblatex Info: Trying to load bibliography style 'standard'...
Package biblatex Info: ... file 'standard.bbx' found.

(C:\Users\facuf\AppData\Local\Programs\MiKTeX\tex/latex/biblatex/bbx\standard.b
bx
File: standard.bbx 2025/07/10 v3.21 biblatex bibliography style (PK/MW)
\c@bbx:relatedcount=\count442
\c@bbx:relatedtotal=\count443
))
Package biblatex Info: Trying to load citation style 'numeric'...
Package biblatex Info: ... file 'numeric.cbx' found.

(C:\Users\facuf\AppData\Local\Programs\MiKTeX\tex/latex/biblatex/cbx\numeric.cb
x
File: numeric.cbx 2025/07/10 v3.21 biblatex citation style (PK/MW)
Package biblatex Info: Redefining '\cite'.
Package biblatex Info: Redefining '\parencite'.
Package biblatex Info: Redefining '\footcite'.
Package biblatex Info: Redefining '\footcitetext'.
Package biblatex Info: Redefining '\smartcite'.
Package biblatex Info: Redefining '\supercite'.
Package biblatex Info: Redefining '\textcite'.
Package biblatex Info: Redefining '\textcites'.
Package biblatex Info: Redefining '\cites'.
Package biblatex Info: Redefining '\parencites'.
Package biblatex Info: Redefining '\smartcites'.
)
Package biblatex Info: Trying to load configuration file...
Package biblatex Info: ... file 'biblatex.cfg' found.

(C:\Users\facuf\AppData\Local\Programs\MiKTeX\tex/latex/biblatex\biblatex.cfg
File: biblatex.cfg 
)
Package biblatex Info: Input encoding 'utf8' detected.
Package biblatex Info: Document encoding is UTF8 ....
Package biblatex Info: ... and expl3
(biblatex)             2025-12-24 L3 programming layer (loader) 
(biblatex)             is new enough (at least 2020/04/06),
(biblatex)             setting 'casechanger=expl3'.

(C:\Users\facuf\AppData\Local\Programs\MiKTeX\tex/latex/biblatex\blx-case-expl3
.sty
Package: blx-case-expl3 2025/07/10 v3.21 expl3 case changing code for biblatex
))
(C:\Users\facuf\AppData\Local\Programs\MiKTeX\tex/latex/hyperref\hyperref.sty
Package: hyperref 2025-07-12 v7.01o Hypertext links for LaTeX

(C:\Users\facuf\AppData\Local\Programs\MiKTeX\tex/generic/kvdefinekeys\kvdefine
keys.sty
Package: kvdefinekeys 2019-12-19 v1.6 Define keys (HO)
)
(C:\Users\facuf\AppData\Local\Programs\MiKTeX\tex/generic/pdfescape\pdfescape.s
ty
Package: pdfescape 2019/12/09 v1.15 Implements pdfTeX's escape features (HO)
) (C:\Users\facuf\AppData\Local\Programs\MiKTeX\tex/latex/hycolor\hycolor.sty
Package: hycolor 2020-01-27 v1.10 Color options for hyperref/bookmark (HO)
) (C:\Users\facuf\AppData\Local\Programs\MiKTeX\tex/latex/hyperref\nameref.sty
Package: nameref 2025-06-21 v2.57 Cross-referencing by name of section

(C:\Users\facuf\AppData\Local\Programs\MiKTeX\tex/latex/refcount\refcount.sty
Package: refcount 2019/12/15 v3.6 Data extraction from label references (HO)
)
(C:\Users\facuf\AppData\Local\Programs\MiKTeX\tex/generic/gettitlestring\gettit
lestring.sty
Package: gettitlestring 2019/12/15 v1.6 Cleanup title references (HO)
)
\c@section@level=\count444
)
(C:\Users\facuf\AppData\Local\Programs\MiKTeX\tex/generic/stringenc\stringenc.s
ty
Package: stringenc 2019/11/29 v1.12 Convert strings between diff. encodings (HO
)
)
\@linkdim=\dimen190
\Hy@linkcounter=\count445
\Hy@pagecounter=\count446
 (C:\Users\facuf\AppData\Local\Programs\MiKTeX\tex/latex/hyperref\pd1enc.def
File: pd1enc.def 2025-07-12 v7.01o Hyperref: PDFDocEncoding definition (HO)
Now handling font encoding PD1 ...
... no UTF-8 mapping file for font encoding PD1
) (C:\Users\facuf\AppData\Local\Programs\MiKTeX\tex/generic/intcalc\intcalc.sty
Package: intcalc 2019/12/15 v1.3 Expandable calculations with integers (HO)
)
\Hy@SavedSpaceFactor=\count447
 (C:\Users\facuf\AppData\Local\Programs\MiKTeX\tex/latex/hyperref\puenc.def
File: puenc.def 2025-07-12 v7.01o Hyperref: PDF Unicode definition (HO)
Now handling font encoding PU ...
... no UTF-8 mapping file for font encoding PU
)
Package hyperref Info: Hyper figures OFF on input line 4195.
Package hyperref Info: Link nesting OFF on input line 4200.
Package hyperref Info: Hyper index ON on input line 4203.
Package hyperref Info: Plain pages OFF on input line 4210.
Package hyperref Info: Backreferencing OFF on input line 4215.
Package hyperref Info: Implicit mode ON; LaTeX internals redefined.
Package hyperref Info: Bookmarks ON on input line 4462.
\c@Hy@tempcnt=\count448
LaTeX Info: Redefining \url on input line 4801.
\XeTeXLinkMargin=\dimen191

(C:\Users\facuf\AppData\Local\Programs\MiKTeX\tex/generic/bitset\bitset.sty
Package: bitset 2019/12/09 v1.3 Handle bit-vector datatype (HO)

(C:\Users\facuf\AppData\Local\Programs\MiKTeX\tex/generic/bigintcalc\bigintcalc
.sty
Package: bigintcalc 2019/12/15 v1.5 Expandable calculations on big integers (HO
)
))
\Fld@menulength=\count449
\Field@Width=\dimen192
\Fld@charsize=\dimen193
Package hyperref Info: Hyper figures OFF on input line 6078.
Package hyperref Info: Link nesting OFF on input line 6083.
Package hyperref Info: Hyper index ON on input line 6086.
Package hyperref Info: backreferencing OFF on input line 6093.
Package hyperref Info: Link coloring OFF on input line 6098.
Package hyperref Info: Link coloring with OCG OFF on input line 6103.
Package hyperref Info: PDF/A mode OFF on input line 6108.
\Hy@abspage=\count450
\c@Item=\count451
\c@Hfootnote=\count452
)
Package hyperref Info: Driver (autodetected): hpdftex.

(C:\Users\facuf\AppData\Local\Programs\MiKTeX\tex/latex/hyperref\hpdftex.def
File: hpdftex.def 2025-07-12 v7.01o Hyperref driver for pdfTeX
\Fld@listcount=\count453
\c@bookmark@seq@number=\count454

(C:\Users\facuf\AppData\Local\Programs\MiKTeX\tex/latex/rerunfilecheck\rerunfil
echeck.sty
Package: rerunfilecheck 2025-06-21 v1.11 Rerun checks for auxiliary files (HO)

(C:\Users\facuf\AppData\Local\Programs\MiKTeX\tex/generic/uniquecounter\uniquec
ounter.sty
Package: uniquecounter 2019/12/15 v1.4 Provide unlimited unique counter (HO)
)
Package uniquecounter Info: New unique counter `rerunfilecheck' on input line 2
84.
)
\Hy@SectionHShift=\skip80
)
Package hyperref Info: Option `bookmarksopen' set `true' on input line 57.
Package hyperref Info: Option `hypertexnames' set `false' on input line 57.
Package hyperref Info: Option `colorlinks' set `true' on input line 57.
Package hyperref Info: Option `unicode' set `true' on input line 57.
Package hyperref Info: Option `breaklinks' set `true' on input line 57.

(C:\Users\facuf\AppData\Local\Programs\MiKTeX\tex/latex/tools\tabularx.sty
Package: tabularx 2023/12/11 v2.12a `tabularx' package (DPC)
\TX@col@width=\dimen194
\TX@old@table=\dimen195
\TX@old@col=\dimen196
\TX@target=\dimen197
\TX@delta=\dimen198
\TX@cols=\count455
\TX@ftn=\toks25
)
(C:\Users\facuf\AppData\Local\Programs\MiKTeX\tex/latex/ulem\ulem.sty
\UL@box=\box68
\UL@hyphenbox=\box69
\UL@skip=\skip81
\UL@hook=\toks26
\UL@height=\dimen199
\UL@pe=\count456
\UL@pixel=\dimen256
\ULC@box=\box70
Package: ulem 2019/11/18
\ULdepth=\dimen257
)
(C:\Users\facuf\AppData\Local\Programs\MiKTeX\tex/latex/csquotes\csquotes.sty
Package: csquotes 2026-05-19 v5.2p context-sensitive quotations (JAW)
\csq@reset=\count457
\csq@gtype=\count458
\csq@glevel=\count459
\csq@qlevel=\count460
\csq@maxlvl=\count461
\csq@tshold=\count462
\csq@ltx@everypar=\toks27

(C:\Users\facuf\AppData\Local\Programs\MiKTeX\tex/latex/csquotes\csquotes.def
File: csquotes.def 2026-05-19 v5.2p csquotes generic definitions (JAW)
)
Package csquotes Info: Trying to load configuration file 'csquotes.cfg'...
Package csquotes Info: ... configuration file loaded successfully.

(C:\Users\facuf\AppData\Local\Programs\MiKTeX\tex/latex/csquotes\csquotes.cfg
File: csquotes.cfg 
)
Package csquotes Info: Enabling multilingual quotes.
) (C:\Users\facuf\AppData\Local\Programs\MiKTeX\tex/latex/caption\subcaption.st
y
Package: subcaption 2023/07/28 v1.6b Sub-captions (AR)
Package caption Info: New subtype `subfigure' on input line 238.
\c@subfigure=\count463
Package caption Info: New subtype `subtable' on input line 238.
\c@subtable=\count464
)
(C:\Users\facuf\AppData\Local\Programs\MiKTeX\tex/latex/todonotes\todonotes.sty
Package: todonotes 2024/01/05 v1.1.7 Todonotes source and documentation.
Package: todonotes 2024/01/05
(C:\Users\facuf\AppData\Local\Programs\MiKTeX\tex/latex/xkeyval\xkeyval.sty
Package: xkeyval 2022/06/16 v2.9 package option processing (HA)

(C:\Users\facuf\AppData\Local\Programs\MiKTeX\tex/generic/xkeyval\xkeyval.tex
(C:\Users\facuf\AppData\Local\Programs\MiKTeX\tex/generic/xkeyval\xkvutils.tex
\XKV@toks=\toks28
\XKV@tempa@toks=\toks29
)
\XKV@depth=\count465
File: xkeyval.tex 2014/12/03 v2.7a key=value parser (HA)
)) (C:\Users\facuf\AppData\Local\Programs\MiKTeX\tex/latex/xcolor\xcolor.sty
Package: xcolor 2024/09/29 v3.02 LaTeX color extensions (UK)

(C:\Users\facuf\AppData\Local\Programs\MiKTeX\tex/latex/graphics-cfg\color.cfg
File: color.cfg 2016/01/02 v1.6 sample color configuration
)
Package xcolor Info: Driver file: pdftex.def on input line 274.
(C:\Users\facuf\AppData\Local\Programs\MiKTeX\tex/latex/graphics\mathcolor.ltx)
Package xcolor Info: Model `cmy' substituted by `cmy0' on input line 1349.
Package xcolor Info: Model `hsb' substituted by `rgb' on input line 1353.
Package xcolor Info: Model `RGB' extended on input line 1365.
Package xcolor Info: Model `HTML' substituted by `rgb' on input line 1367.
Package xcolor Info: Model `Hsb' substituted by `hsb' on input line 1368.
Package xcolor Info: Model `tHsb' substituted by `hsb' on input line 1369.
Package xcolor Info: Model `HSB' substituted by `hsb' on input line 1370.
Package xcolor Info: Model `Gray' substituted by `gray' on input line 1371.
Package xcolor Info: Model `wave' substituted by `hsb' on input line 1372.
)
(C:\Users\facuf\AppData\Local\Programs\MiKTeX\tex/latex/pgf/frontendlayer\tikz.
sty
(C:\Users\facuf\AppData\Local\Programs\MiKTeX\tex/latex/pgf/basiclayer\pgf.sty
(C:\Users\facuf\AppData\Local\Programs\MiKTeX\tex/latex/pgf/utilities\pgfrcs.st
y
(C:\Users\facuf\AppData\Local\Programs\MiKTeX\tex/generic/pgf/utilities\pgfutil
-common.tex
\pgfutil@everybye=\toks30
\pgfutil@tempdima=\dimen258
\pgfutil@tempdimb=\dimen259
)
(C:\Users\facuf\AppData\Local\Programs\MiKTeX\tex/generic/pgf/utilities\pgfutil
-latex.def
\pgfutil@abb=\box71
)
(C:\Users\facuf\AppData\Local\Programs\MiKTeX\tex/generic/pgf/utilities\pgfrcs.
code.tex
(C:\Users\facuf\AppData\Local\Programs\MiKTeX\tex/generic/pgf\pgf.revision.tex)
Package: pgfrcs 2025-08-29 v3.1.11a (3.1.11a)
))
Package: pgf 2025-08-29 v3.1.11a (3.1.11a)

(C:\Users\facuf\AppData\Local\Programs\MiKTeX\tex/latex/pgf/basiclayer\pgfcore.
sty
(C:\Users\facuf\AppData\Local\Programs\MiKTeX\tex/latex/pgf/systemlayer\pgfsys.
sty
(C:\Users\facuf\AppData\Local\Programs\MiKTeX\tex/generic/pgf/systemlayer\pgfsy
s.code.tex
Package: pgfsys 2025-08-29 v3.1.11a (3.1.11a)

(C:\Users\facuf\AppData\Local\Programs\MiKTeX\tex/generic/pgf/utilities\pgfkeys
.code.tex
\pgfkeys@pathtoks=\toks31
\pgfkeys@temptoks=\toks32

(C:\Users\facuf\AppData\Local\Programs\MiKTeX\tex/generic/pgf/utilities\pgfkeys
libraryfiltered.code.tex
\pgfkeys@tmptoks=\toks33
))
\pgf@x=\dimen260
\pgf@y=\dimen261
\pgf@xa=\dimen262
\pgf@ya=\dimen263
\pgf@xb=\dimen264
\pgf@yb=\dimen265
\pgf@xc=\dimen266
\pgf@yc=\dimen267
\pgf@xd=\dimen268
\pgf@yd=\dimen269
\w@pgf@writea=\write4
\r@pgf@reada=\read4
\c@pgf@counta=\count466
\c@pgf@countb=\count467
\c@pgf@countc=\count468
\c@pgf@countd=\count469
\t@pgf@toka=\toks34
\t@pgf@tokb=\toks35
\t@pgf@tokc=\toks36
\pgf@sys@id@count=\count470

(C:\Users\facuf\AppData\Local\Programs\MiKTeX\tex/generic/pgf/systemlayer\pgf.c
fg
File: pgf.cfg 2025-08-29 v3.1.11a (3.1.11a)
)
Driver file for pgf: pgfsys-pdftex.def

(C:\Users\facuf\AppData\Local\Programs\MiKTeX\tex/generic/pgf/systemlayer\pgfsy
s-pdftex.def
File: pgfsys-pdftex.def 2025-08-29 v3.1.11a (3.1.11a)

(C:\Users\facuf\AppData\Local\Programs\MiKTeX\tex/generic/pgf/systemlayer\pgfsy
s-common-pdf.def
File: pgfsys-common-pdf.def 2025-08-29 v3.1.11a (3.1.11a)
)))
(C:\Users\facuf\AppData\Local\Programs\MiKTeX\tex/generic/pgf/systemlayer\pgfsy
ssoftpath.code.tex
File: pgfsyssoftpath.code.tex 2025-08-29 v3.1.11a (3.1.11a)
\pgfsyssoftpath@smallbuffer@items=\count471
\pgfsyssoftpath@bigbuffer@items=\count472
)
(C:\Users\facuf\AppData\Local\Programs\MiKTeX\tex/generic/pgf/systemlayer\pgfsy
sprotocol.code.tex
File: pgfsysprotocol.code.tex 2025-08-29 v3.1.11a (3.1.11a)
))
(C:\Users\facuf\AppData\Local\Programs\MiKTeX\tex/generic/pgf/basiclayer\pgfcor
e.code.tex
Package: pgfcore 2025-08-29 v3.1.11a (3.1.11a)

(C:\Users\facuf\AppData\Local\Programs\MiKTeX\tex/generic/pgf/math\pgfmath.code
.tex
(C:\Users\facuf\AppData\Local\Programs\MiKTeX\tex/generic/pgf/math\pgfmathutil.
code.tex)
(C:\Users\facuf\AppData\Local\Programs\MiKTeX\tex/generic/pgf/math\pgfmathparse
r.code.tex
\pgfmath@dimen=\dimen270
\pgfmath@count=\count473
\pgfmath@box=\box72
\pgfmath@toks=\toks37
\pgfmath@stack@operand=\toks38
\pgfmath@stack@operation=\toks39
)
(C:\Users\facuf\AppData\Local\Programs\MiKTeX\tex/generic/pgf/math\pgfmathfunct
ions.code.tex)
(C:\Users\facuf\AppData\Local\Programs\MiKTeX\tex/generic/pgf/math\pgfmathfunct
ions.basic.code.tex)
(C:\Users\facuf\AppData\Local\Programs\MiKTeX\tex/generic/pgf/math\pgfmathfunct
ions.trigonometric.code.tex)
(C:\Users\facuf\AppData\Local\Programs\MiKTeX\tex/generic/pgf/math\pgfmathfunct
ions.random.code.tex)
(C:\Users\facuf\AppData\Local\Programs\MiKTeX\tex/generic/pgf/math\pgfmathfunct
ions.comparison.code.tex)
(C:\Users\facuf\AppData\Local\Programs\MiKTeX\tex/generic/pgf/math\pgfmathfunct
ions.base.code.tex)
(C:\Users\facuf\AppData\Local\Programs\MiKTeX\tex/generic/pgf/math\pgfmathfunct
ions.round.code.tex)
(C:\Users\facuf\AppData\Local\Programs\MiKTeX\tex/generic/pgf/math\pgfmathfunct
ions.misc.code.tex)
(C:\Users\facuf\AppData\Local\Programs\MiKTeX\tex/generic/pgf/math\pgfmathfunct
ions.integerarithmetics.code.tex)
(C:\Users\facuf\AppData\Local\Programs\MiKTeX\tex/generic/pgf/math\pgfmathcalc.
code.tex)
(C:\Users\facuf\AppData\Local\Programs\MiKTeX\tex/generic/pgf/math\pgfmathfloat
.code.tex
\c@pgfmathroundto@lastzeros=\count474
))
(C:\Users\facuf\AppData\Local\Programs\MiKTeX\tex/generic/pgf/math\pgfint.code.
tex)
(C:\Users\facuf\AppData\Local\Programs\MiKTeX\tex/generic/pgf/basiclayer\pgfcor
epoints.code.tex
File: pgfcorepoints.code.tex 2025-08-29 v3.1.11a (3.1.11a)
\pgf@picminx=\dimen271
\pgf@picmaxx=\dimen272
\pgf@picminy=\dimen273
\pgf@picmaxy=\dimen274
\pgf@pathminx=\dimen275
\pgf@pathmaxx=\dimen276
\pgf@pathminy=\dimen277
\pgf@pathmaxy=\dimen278
\pgf@xx=\dimen279
\pgf@xy=\dimen280
\pgf@yx=\dimen281
\pgf@yy=\dimen282
\pgf@zx=\dimen283
\pgf@zy=\dimen284
)
(C:\Users\facuf\AppData\Local\Programs\MiKTeX\tex/generic/pgf/basiclayer\pgfcor
epathconstruct.code.tex
File: pgfcorepathconstruct.code.tex 2025-08-29 v3.1.11a (3.1.11a)
\pgf@path@lastx=\dimen285
\pgf@path@lasty=\dimen286
)
(C:\Users\facuf\AppData\Local\Programs\MiKTeX\tex/generic/pgf/basiclayer\pgfcor
epathusage.code.tex
File: pgfcorepathusage.code.tex 2025-08-29 v3.1.11a (3.1.11a)
\pgf@shorten@end@additional=\dimen287
\pgf@shorten@start@additional=\dimen288
)
(C:\Users\facuf\AppData\Local\Programs\MiKTeX\tex/generic/pgf/basiclayer\pgfcor
escopes.code.tex
File: pgfcorescopes.code.tex 2025-08-29 v3.1.11a (3.1.11a)
\pgfpic=\box73
\pgf@hbox=\box74
\pgf@layerbox@main=\box75
\pgf@picture@serial@count=\count475
)
(C:\Users\facuf\AppData\Local\Programs\MiKTeX\tex/generic/pgf/basiclayer\pgfcor
egraphicstate.code.tex
File: pgfcoregraphicstate.code.tex 2025-08-29 v3.1.11a (3.1.11a)
\pgflinewidth=\dimen289
)
(C:\Users\facuf\AppData\Local\Programs\MiKTeX\tex/generic/pgf/basiclayer\pgfcor
etransformations.code.tex
File: pgfcoretransformations.code.tex 2025-08-29 v3.1.11a (3.1.11a)
\pgf@pt@x=\dimen290
\pgf@pt@y=\dimen291
\pgf@pt@temp=\dimen292
)
(C:\Users\facuf\AppData\Local\Programs\MiKTeX\tex/generic/pgf/basiclayer\pgfcor
equick.code.tex
File: pgfcorequick.code.tex 2025-08-29 v3.1.11a (3.1.11a)
)
(C:\Users\facuf\AppData\Local\Programs\MiKTeX\tex/generic/pgf/basiclayer\pgfcor
eobjects.code.tex
File: pgfcoreobjects.code.tex 2025-08-29 v3.1.11a (3.1.11a)
)
(C:\Users\facuf\AppData\Local\Programs\MiKTeX\tex/generic/pgf/basiclayer\pgfcor
epathprocessing.code.tex
File: pgfcorepathprocessing.code.tex 2025-08-29 v3.1.11a (3.1.11a)
)
(C:\Users\facuf\AppData\Local\Programs\MiKTeX\tex/generic/pgf/basiclayer\pgfcor
earrows.code.tex
File: pgfcorearrows.code.tex 2025-08-29 v3.1.11a (3.1.11a)
\pgfarrowsep=\dimen293
)
(C:\Users\facuf\AppData\Local\Programs\MiKTeX\tex/generic/pgf/basiclayer\pgfcor
eshade.code.tex
File: pgfcoreshade.code.tex 2025-08-29 v3.1.11a (3.1.11a)
\pgf@max=\dimen294
\pgf@sys@shading@range@num=\count476
\pgf@shadingcount=\count477
)
(C:\Users\facuf\AppData\Local\Programs\MiKTeX\tex/generic/pgf/basiclayer\pgfcor
eimage.code.tex
File: pgfcoreimage.code.tex 2025-08-29 v3.1.11a (3.1.11a)
)
(C:\Users\facuf\AppData\Local\Programs\MiKTeX\tex/generic/pgf/basiclayer\pgfcor
eexternal.code.tex
File: pgfcoreexternal.code.tex 2025-08-29 v3.1.11a (3.1.11a)
\pgfexternal@startupbox=\box76
)
(C:\Users\facuf\AppData\Local\Programs\MiKTeX\tex/generic/pgf/basiclayer\pgfcor
elayers.code.tex
File: pgfcorelayers.code.tex 2025-08-29 v3.1.11a (3.1.11a)
)
(C:\Users\facuf\AppData\Local\Programs\MiKTeX\tex/generic/pgf/basiclayer\pgfcor
etransparency.code.tex
File: pgfcoretransparency.code.tex 2025-08-29 v3.1.11a (3.1.11a)
)
(C:\Users\facuf\AppData\Local\Programs\MiKTeX\tex/generic/pgf/basiclayer\pgfcor
epatterns.code.tex
File: pgfcorepatterns.code.tex 2025-08-29 v3.1.11a (3.1.11a)
)
(C:\Users\facuf\AppData\Local\Programs\MiKTeX\tex/generic/pgf/basiclayer\pgfcor
erdf.code.tex
File: pgfcorerdf.code.tex 2025-08-29 v3.1.11a (3.1.11a)
)))
(C:\Users\facuf\AppData\Local\Programs\MiKTeX\tex/generic/pgf/modules\pgfmodule
shapes.code.tex
File: pgfmoduleshapes.code.tex 2025-08-29 v3.1.11a (3.1.11a)
\pgfnodeparttextbox=\box77
)
(C:\Users\facuf\AppData\Local\Programs\MiKTeX\tex/generic/pgf/modules\pgfmodule
plot.code.tex
File: pgfmoduleplot.code.tex 2025-08-29 v3.1.11a (3.1.11a)
)
(C:\Users\facuf\AppData\Local\Programs\MiKTeX\tex/latex/pgf/compatibility\pgfco
mp-version-0-65.sty
Package: pgfcomp-version-0-65 2025-08-29 v3.1.11a (3.1.11a)
\pgf@nodesepstart=\dimen295
\pgf@nodesepend=\dimen296
)
(C:\Users\facuf\AppData\Local\Programs\MiKTeX\tex/latex/pgf/compatibility\pgfco
mp-version-1-18.sty
Package: pgfcomp-version-1-18 2025-08-29 v3.1.11a (3.1.11a)
))
(C:\Users\facuf\AppData\Local\Programs\MiKTeX\tex/latex/pgf/utilities\pgffor.st
y
(C:\Users\facuf\AppData\Local\Programs\MiKTeX\tex/latex/pgf/utilities\pgfkeys.s
ty
(C:\Users\facuf\AppData\Local\Programs\MiKTeX\tex/generic/pgf/utilities\pgfkeys
.code.tex))
(C:\Users\facuf\AppData\Local\Programs\MiKTeX\tex/latex/pgf/math\pgfmath.sty
(C:\Users\facuf\AppData\Local\Programs\MiKTeX\tex/generic/pgf/math\pgfmath.code
.tex))
(C:\Users\facuf\AppData\Local\Programs\MiKTeX\tex/generic/pgf/utilities\pgffor.
code.tex
Package: pgffor 2025-08-29 v3.1.11a (3.1.11a)
\pgffor@iter=\dimen297
\pgffor@skip=\dimen298
\pgffor@stack=\toks40
\pgffor@toks=\toks41
))
(C:\Users\facuf\AppData\Local\Programs\MiKTeX\tex/generic/pgf/frontendlayer/tik
z\tikz.code.tex
Package: tikz 2025-08-29 v3.1.11a (3.1.11a)

(C:\Users\facuf\AppData\Local\Programs\MiKTeX\tex/generic/pgf/libraries\pgflibr
aryplothandlers.code.tex
File: pgflibraryplothandlers.code.tex 2025-08-29 v3.1.11a (3.1.11a)
\pgf@plot@mark@count=\count478
\pgfplotmarksize=\dimen299
)
\tikz@lastx=\dimen300
\tikz@lasty=\dimen301
\tikz@lastxsaved=\dimen302
\tikz@lastysaved=\dimen303
\tikz@lastmovetox=\dimen304
\tikz@lastmovetoy=\dimen305
\tikzleveldistance=\dimen306
\tikzsiblingdistance=\dimen307
\tikz@figbox=\box78
\tikz@figbox@bg=\box79
\tikz@tempbox=\box80
\tikz@tempbox@bg=\box81
\tikztreelevel=\count479
\tikznumberofchildren=\count480
\tikznumberofcurrentchild=\count481
\tikz@fig@count=\count482

(C:\Users\facuf\AppData\Local\Programs\MiKTeX\tex/generic/pgf/modules\pgfmodule
matrix.code.tex
File: pgfmodulematrix.code.tex 2025-08-29 v3.1.11a (3.1.11a)
\pgfmatrixcurrentrow=\count483
\pgfmatrixcurrentcolumn=\count484
\pgf@matrix@numberofcolumns=\count485
)
\tikz@expandcount=\count486

(C:\Users\facuf\AppData\Local\Programs\MiKTeX\tex/generic/pgf/frontendlayer/tik
z/libraries\tikzlibrarytopaths.code.tex
File: tikzlibrarytopaths.code.tex 2025-08-29 v3.1.11a (3.1.11a)
)))
(C:\Users\facuf\AppData\Local\Programs\MiKTeX\tex/generic/pgf/frontendlayer/tik
z/libraries\tikzlibrarypositioning.code.tex
File: tikzlibrarypositioning.code.tex 2025-08-29 v3.1.11a (3.1.11a)
)
(C:\Users\facuf\AppData\Local\Programs\MiKTeX\tex/latex/tools\calc.sty
Package: calc 2025/03/01 v4.3b Infix arithmetic (KKT,FJ)
\calc@Acount=\count487
\calc@Bcount=\count488
\calc@Adimen=\dimen308
\calc@Bdimen=\dimen309
\calc@Askip=\skip82
\calc@Bskip=\skip83
LaTeX Info: Redefining \setlength on input line 86.
LaTeX Info: Redefining \addtolength on input line 87.
\calc@Ccount=\count489
\calc@Cskip=\skip84
)
\c@@todonotes@numberoftodonotes=\count490
)
(C:\Users\facuf\AppData\Local\Programs\MiKTeX\tex/latex/multirow\multirow.sty
Package: multirow 2024/11/12 v2.9 Span multiple rows of a table
\multirow@colwidth=\skip85
\multirow@cntb=\count491
\multirow@dima=\skip86
\bigstrutjot=\dimen310
)
(C:\Users\facuf\AppData\Local\Programs\MiKTeX\tex/latex/listings\listings.sty
\lst@mode=\count492
\lst@gtempboxa=\box82
\lst@token=\toks42
\lst@length=\count493
\lst@currlwidth=\dimen311
\lst@column=\count494
\lst@pos=\count495
\lst@lostspace=\dimen312
\lst@width=\dimen313
\lst@newlines=\count496
\lst@lineno=\count497
\lst@maxwidth=\dimen314

(C:\Users\facuf\AppData\Local\Programs\MiKTeX\tex/latex/listings\lstpatch.sty
File: lstpatch.sty 2025/11/14 1.11b (Carsten Heinz)
)
(C:\Users\facuf\AppData\Local\Programs\MiKTeX\tex/latex/listings\lstmisc.sty
File: lstmisc.sty 2025/11/14 1.11b (Carsten Heinz)
\c@lstnumber=\count498
\lst@skipnumbers=\count499
\lst@framebox=\box83
)
(C:\Users\facuf\AppData\Local\Programs\MiKTeX\tex/latex/listings\listings.cfg
File: listings.cfg 2025/11/14 1.11b listings configuration
))
Package: listings 2025/11/14 1.11b (Carsten Heinz)
==> First Aid for listings.sty no longer applied!
    Expected:
        2024/09/23 1.10c (Carsten Heinz)
    but found:
        2025/11/14 1.11b (Carsten Heinz)
    so I'm assuming it got fixed.
(C:\Users\facuf\AppData\Local\Programs\MiKTeX\tex/latex/enumitem\enumitem.sty
Package: enumitem 2025/02/06 v3.11 Customized lists
\labelindent=\skip87
\enit@outerparindent=\dimen315
\enit@toks=\toks43
\enit@inbox=\box84
\enit@count@id=\count500
\enitdp@description=\count501
)
(C:\Users\facuf\AppData\Local\Programs\MiKTeX\tex/latex/float\float.sty
Package: float 2001/11/08 v1.3d Float enhancements (AL)
\c@float@type=\count502
\float@exts=\toks44
\float@box=\box85
\@float@everytoks=\toks45
\@floatcapt=\box86
)
(C:\Users\facuf\AppData\Local\Programs\MiKTeX\tex/latex/floatbytocbasic\floatby
tocbasic.sty
Package: floatbytocbasic 2023-08-16 v1.0 improved float package using tocbasic

(C:\Users\facuf\AppData\Local\Programs\MiKTeX\tex/latex/koma-script\tocbasic.st
y
Package: tocbasic 2026/02/02 v3.49.2 KOMA-Script package (handling toc-files)
\scr@dte@tocline@numberwidth=\skip88
\scr@dte@tocline@numbox=\box87
) (C:\Users\facuf\AppData\Local\Programs\MiKTeX\tex/latex/xpatch\xpatch.sty
Package: xpatch 2020/03/25 v0.3a Extending etoolbox patching commands
))
(C:\Users\facuf\AppData\Local\Programs\MiKTeX\tex/latex/placeins\placeins.sty
Package: placeins 2005/04/18  v 2.2
)
Package csquotes Info: Checking for multilingual support...
Package csquotes Info: ... found 'babel' package.

(informe.aux
LaTeX Info: Redefining \. on input line 12.
LaTeX Info: Redefining \% on input line 12.
Package babel Info: 'spanish' activates 'spanish' shorthands.
(babel)             Reported on input line 12.
 (capitulos/capitulo1.aux) (capitulos/capitulo2.aux)
(capitulos/capitulo3.aux) (capitulos/capitulo4.aux) (capitulos/capitulo5.aux))
\openout1 = `informe.aux'.

LaTeX Font Info:    Checking defaults for OML/cmm/m/it on input line 169.
LaTeX Font Info:    ... okay on input line 169.
LaTeX Font Info:    Checking defaults for OMS/cmsy/m/n on input line 169.
LaTeX Font Info:    ... okay on input line 169.
LaTeX Font Info:    Checking defaults for OT1/cmr/m/n on input line 169.
LaTeX Font Info:    ... okay on input line 169.
LaTeX Font Info:    Checking defaults for T1/cmr/m/n on input line 169.
LaTeX Font Info:    ... okay on input line 169.
LaTeX Font Info:    Checking defaults for TS1/cmr/m/n on input line 169.
LaTeX Font Info:    ... okay on input line 169.
LaTeX Font Info:    Checking defaults for OMX/cmex/m/n on input line 169.
LaTeX Font Info:    ... okay on input line 169.
LaTeX Font Info:    Checking defaults for U/cmr/m/n on input line 169.
LaTeX Font Info:    ... okay on input line 169.
LaTeX Font Info:    Checking defaults for PD1/pdf/m/n on input line 169.
LaTeX Font Info:    ... okay on input line 169.
LaTeX Font Info:    Checking defaults for PU/pdf/m/n on input line 169.
LaTeX Font Info:    ... okay on input line 169.
LaTeX Info: Redefining \. on input line 169.
LaTeX Info: Redefining \% on input line 169.

(C:\Users\facuf\AppData\Local\Programs\MiKTeX\tex/latex/translations/dicts\tran
slations-basic-dictionary-spanish.trsl
File: translations-basic-dictionary-spanish.trsl (spanish translation file `tra
nslations-basic-dictionary')
)
Package translations Info: loading dictionary `translations-basic-dictionary' f
or `spanish'. on input line 169.

(C:\Users\facuf\AppData\Local\Programs\MiKTeX\tex/context/base/mkii\supp-pdf.mk
ii
[Loading MPS to PDF converter (version 2006.09.02).]
\scratchcounter=\count503
\scratchdimen=\dimen316
\scratchbox=\box88
\nofMPsegments=\count504
\nofMParguments=\count505
\everyMPshowfont=\toks46
\MPscratchCnt=\count506
\MPscratchDim=\dimen317
\MPnumerator=\count507
\makeMPintoPDFobject=\count508
\everyMPtoPDFconversion=\toks47
)
(C:\Users\facuf\AppData\Local\Programs\MiKTeX\tex/latex/epstopdf-pkg\epstopdf-b
ase.sty
Package: epstopdf-base 2020-01-24 v2.11 Base part for package epstopdf
Package epstopdf-base Info: Redefining graphics rule for `.eps' on input line 4
85.

(C:\Users\facuf\AppData\Local\Programs\MiKTeX\tex/latex/00miktex\epstopdf-sys.c
fg
File: epstopdf-sys.cfg 2021/03/18 v2.0 Configuration of epstopdf for MiKTeX
))
Package caption Info: Begin \AtBeginDocument code.
Package caption Info: float package is loaded.
Package caption Info: hyperref package is loaded.
Package caption Info: listings package is loaded.
Package caption Info: End \AtBeginDocument code.

*geometry* driver: auto-detecting
*geometry* detected driver: pdftex
*geometry* verbose mode - [ preamble ] result:
* driver: pdftex
* paper: a4paper
* layout: <same size as paper>
* layoutoffset:(h,v)=(0.0pt,0.0pt)
* bindingoffset: 42.67912pt
* modes: includehead includefoot 
* h-part:(L,W,R)=(56.9055pt, 441.01775pt, 56.9055pt)
* v-part:(T,H,B)=(42.67912pt, 759.6886pt, 42.67912pt)
* \paperwidth=597.50787pt
* \paperheight=845.04684pt
* \textwidth=441.01775pt
* \textheight=691.6685pt
* \oddsidemargin=27.31464pt
* \evensidemargin=-15.36449pt
* \topmargin=-29.59087pt
* \headheight=20.68335pt
* \headsep=19.8738pt
* \topskip=11.0pt
* \footskip=27.46295pt
* \marginparwidth=62.0pt
* \marginparsep=7.0pt
* \columnsep=10.0pt
* \skip\footins=10.0pt plus 4.0pt minus 2.0pt
* \hoffset=0.0pt
* \voffset=0.0pt
* \mag=1000
* \@twocolumnfalse
* \@twosidefalse
* \@mparswitchfalse
* \@reversemarginfalse
* (1in=72.27pt=25.4mm, 1cm=28.453pt)

Package biblatex Info: Trying to load language 'spanish'...
Package biblatex Info: ... file 'spanish.lbx' found.

(C:\Users\facuf\AppData\Local\Programs\MiKTeX\tex/latex/biblatex/lbx\spanish.lb
x
File: spanish.lbx 2025/07/10 v3.21 biblatex localization (PK/MW)
)
Package biblatex Info: Input encoding 'utf8' detected.
Package biblatex Info: Automatic encoding selection.
(biblatex)             Assuming data encoding 'utf8'.
\openout3 = `informe.bcf'.

Package biblatex Info: Trying to load bibliographic data...
Package biblatex Info: ... file 'informe.bbl' found.
 (informe.bbl)
Package biblatex Info: Reference section=0 on input line 169.
Package biblatex Info: Reference segment=0 on input line 169.
Package hyperref Info: Link coloring ON on input line 169.
 (informe.out) (informe.out)
\@outlinefile=\write5
\openout5 = `informe.out'.

\c@lstlisting=\count509
Package tocbasic Info: setting babel extension for `lol' on input line 169.
LaTeX Info: Redefining \sptext on input line 169.
LaTeX Info: Redefining \lsc on input line 169.
LaTeX Info: Redefining \. on input line 169.
LaTeX Info: Redefining \% on input line 169.
LaTeX Info: Redefining \dotlessi on input line 169.
Package scrbase Info: activating spanish \acknowledgementname on input line 169
.
LaTeX Info: Redefining \sptext on input line 169.
LaTeX Info: Redefining \lsc on input line 169.
LaTeX Info: Redefining \. on input line 169.
LaTeX Info: Redefining \% on input line 169.
LaTeX Info: Redefining \dotlessi on input line 169.
Package scrbase Info: activating spanish \authorshipname on input line 169.
LaTeX Info: Redefining \sptext on input line 169.
LaTeX Info: Redefining \lsc on input line 169.
LaTeX Info: Redefining \. on input line 169.
LaTeX Info: Redefining \% on input line 169.
LaTeX Info: Redefining \dotlessi on input line 169.
Package scrbase Info: activating spanish \abbrevname on input line 169.
LaTeX Info: Redefining \sptext on input line 169.
LaTeX Info: Redefining \lsc on input line 169.
LaTeX Info: Redefining \. on input line 169.
LaTeX Info: Redefining \% on input line 169.
LaTeX Info: Redefining \dotlessi on input line 169.
Package scrbase Info: activating spanish \byname on input line 169.
<figuras/unt.png, id=338, 173.448pt x 246.6816pt>
File: figuras/unt.png Graphic file (type png)
<use figuras/unt.png>
Package pdftex.def Info: figuras/unt.png  used on input line 181.
(pdftex.def)             Requested size: 80.02258pt x 113.81102pt.
<figuras/facet.jpg, id=340, 525.6438pt x 346.896pt>
File: figuras/facet.jpg Graphic file (type jpg)
<use figuras/facet.jpg>
Package pdftex.def Info: figuras/facet.jpg  used on input line 183.
(pdftex.def)             Requested size: 172.45238pt x 113.81102pt.


LaTeX Font Warning: Font shape `T1/cmbr/m/sc' undefined
(Font)              using `T1/cmbr/m/n' instead on input line 187.

LaTeX Font Info:    Font shape `T1/cmbr/b/n' in size <24.88> not available
(Font)              Font shape `T1/cmbr/bx/n' tried instead on input line 194.
LaTeX Font Info:    Font shape `T1/cmbr/b/n' in size <17.28> not available
(Font)              Font shape `T1/cmbr/bx/n' tried instead on input line 200.
LaTeX Font Info:    Font shape `T1/cmbr/m/it' in size <12> not available
(Font)              Font shape `T1/cmbr/m/sl' tried instead on input line 216.
[1



{C:/Users/facuf/AppData/Local/MiKTeX/fonts/map/pdftex/pdftex.map} <./figuras/un
t.png> <./figuras/facet.jpg>]
--------------------
 Resumen
--------------------
LaTeX Font Info:    Font shape `T1/cmbr/m/it' in size <20.74> not available
(Font)              Font shape `T1/cmbr/m/sl' tried instead on input line 225.
LaTeX Font Info:    Trying to load font information for OT1+cmbr on input line 
245.
(C:\Users\facuf\AppData\Local\Programs\MiKTeX\tex/latex/cmbright\ot1cmbr.fd
File: ot1cmbr.fd 2005/04/13 v8.1 (WaS)
)
LaTeX Font Info:    Trying to load font information for OML+cmbrm on input line
 245.

(C:\Users\facuf\AppData\Local\Programs\MiKTeX\tex/latex/cmbright\omlcmbrm.fd
File: omlcmbrm.fd 2005/04/13 v8.1 (WaS)
)
LaTeX Font Info:    Trying to load font information for OMS+cmbrs on input line
 245.

(C:\Users\facuf\AppData\Local\Programs\MiKTeX\tex/latex/cmbright\omscmbrs.fd
File: omscmbrs.fd 2005/04/13 v8.1 (WaS)
)
LaTeX Font Info:    External font `cmex10' loaded for size
(Font)              <10.95> on input line 245.
LaTeX Font Info:    External font `cmex10' loaded for size
(Font)              <8> on input line 245.
LaTeX Font Info:    External font `cmex10' loaded for size
(Font)              <6> on input line 245.

[1

] (informe.toc
LaTeX Info: Redefining \sptext on input line 1.
LaTeX Info: Redefining \. on input line 1.
LaTeX Info: Redefining \% on input line 1.
LaTeX Font Info:    Font shape `T1/cmbr/b/n' in size <10.95> not available
(Font)              Font shape `T1/cmbr/bx/n' tried instead on input line 2.
 [2

])
\tf@toc=\write6
\openout6 = `informe.toc'.

 [3] (informe.lof
LaTeX Info: Redefining \sptext on input line 1.
LaTeX Info: Redefining \. on input line 1.
LaTeX Info: Redefining \% on input line 1.
LaTeX Font Info:    Font shape `T1/cmbr/m/it' in size <10.95> not available
(Font)              Font shape `T1/cmbr/m/sl' tried instead on input line 6.
)
\tf@lof=\write7
\openout7 = `informe.lof'.

 [4

] [5] (informe.lot
LaTeX Info: Redefining \sptext on input line 1.
LaTeX Info: Redefining \. on input line 1.
LaTeX Info: Redefining \% on input line 1.
)
\tf@lot=\write8
\openout8 = `informe.lot'.

 [6

]
\openout2 = `capitulos/capitulo1.aux'.


(capitulos/capitulo1.tex
Cap\'{\i }tulo 1.
LaTeX Font Info:    Font shape `T1/cmbr/b/n' in size <20.74> not available
(Font)              Font shape `T1/cmbr/bx/n' tried instead on input line 3.
LaTeX Font Info:    Font shape `T1/cmbr/b/n' in size <14.4> not available
(Font)              Font shape `T1/cmbr/bx/n' tried instead on input line 25.
<figuras/tobiiglasses.png, id=551, 2312.64pt x 1541.76pt>
File: figuras/tobiiglasses.png Graphic file (type png)
<use figuras/tobiiglasses.png>
Package pdftex.def Info: figuras/tobiiglasses.png  used on input line 41.
(pdftex.def)             Requested size: 220.50887pt x 146.98627pt.
[1



]
LaTeX Info: Redefining \. on input line 64.
LaTeX Info: Redefining \% on input line 64.
Package babel Info: 'spanish' activates 'spanish' shorthands.
(babel)             Reported on input line 64.
 [2 <./figuras/tobiiglasses.png>])
LaTeX Info: Redefining \. on input line 268.
LaTeX Info: Redefining \% on input line 268.
 [3]
\openout2 = `capitulos/capitulo2.aux'.

 (capitulos/capitulo2.tex
Cap\'{\i }tulo 2.
<figuras/eyetracking.png, id=569, 285.31593pt x 189.70876pt>
File: figuras/eyetracking.png Graphic file (type png)
<use figuras/eyetracking.png>
Package pdftex.def Info: figuras/eyetracking.png  used on input line 19.
(pdftex.def)             Requested size: 132.30666pt x 87.97049pt.
LaTeX Font Info:    Font shape `T1/cmbr/b/n' in size <12> not available
(Font)              Font shape `T1/cmbr/bx/n' tried instead on input line 32.
[4




 <./figuras/eyetracking.png>]
<figuras/templatematching.png, id=576, 502.87875pt x 271.0125pt>
File: figuras/templatematching.png Graphic file (type png)
<use figuras/templatematching.png>
Package pdftex.def Info: figuras/templatematching.png  used on input line 46.
(pdftex.def)             Requested size: 330.7633pt x 178.25262pt.
LaTeX Font Info:    Font shape `T1/cmbr/m/it' in size <10> not available
(Font)              Font shape `T1/cmbr/m/sl' tried instead on input line 47.
<figuras/coefcorr.png, id=578, 445.665pt x 76.78688pt>
File: figuras/coefcorr.png Graphic file (type png)
<use figuras/coefcorr.png>
Package pdftex.def Info: figuras/coefcorr.png  used on input line 55.
(pdftex.def)             Requested size: 330.7633pt x 56.99011pt.
LaTeX Info: Redefining \. on input line 58.
LaTeX Info: Redefining \% on input line 58.
 [5 <./figuras/templatematching.png>]
<figuras/resultadotemplate.png, id=587, 593.21625pt x 301.8778pt>
File: figuras/resultadotemplate.png Graphic file (type png)
<use figuras/resultadotemplate.png>
Package pdftex.def Info: figuras/resultadotemplate.png  used on input line 70.
(pdftex.def)             Requested size: 330.7633pt x 168.32722pt.
LaTeX Info: Redefining \. on input line 82.
LaTeX Info: Redefining \% on input line 82.
 [6 <./figuras/coefcorr.png> <./figuras/resultadotemplate.png>]
<figuras/machinelearning.png, id=596, 285.31593pt x 159.59625pt>
File: figuras/machinelearning.png Graphic file (type png)
<use figuras/machinelearning.png>
Package pdftex.def Info: figuras/machinelearning.png  used on input line 85.
(pdftex.def)             Requested size: 220.50887pt x 123.34486pt.
<figuras/redneuronal.png, id=598, 285.31593pt x 171.64125pt>
File: figuras/redneuronal.png Graphic file (type png)
<use figuras/redneuronal.png>
Package pdftex.def Info: figuras/redneuronal.png  used on input line 98.
(pdftex.def)             Requested size: 220.50887pt x 132.6539pt.
LaTeX Info: Redefining \. on input line 110.
LaTeX Info: Redefining \% on input line 110.
 [7 <./figuras/machinelearning.png> <./figuras/redneuronal.png>]
<figuras/arduinouno.png, id=612, 285.31593pt x 285.31593pt>
File: figuras/arduinouno.png Graphic file (type png)
<use figuras/arduinouno.png>
Package pdftex.def Info: figuras/arduinouno.png  used on input line 141.
(pdftex.def)             Requested size: 220.50887pt x 220.50806pt.
LaTeX Info: Redefining \. on input line 145.
LaTeX Info: Redefining \% on input line 145.
 [8]
LaTeX Info: Redefining \. on input line 160.
LaTeX Info: Redefining \% on input line 160.
 [9 <./figuras/arduinouno.png>]
<figuras/esp32cyd.png, id=622, 556.0775pt x 556.0775pt>
File: figuras/esp32cyd.png Graphic file (type png)
<use figuras/esp32cyd.png>
Package pdftex.def Info: figuras/esp32cyd.png  used on input line 168.
(pdftex.def)             Requested size: 220.50887pt x 220.50943pt.
LaTeX Info: Redefining \. on input line 182.
LaTeX Info: Redefining \% on input line 182.

[10 <./figuras/esp32cyd.png>]
<figuras/esp32wifi.png, id=627, 803.0pt x 471.7625pt>
File: figuras/esp32wifi.png Graphic file (type png)
<use figuras/esp32wifi.png>
Package pdftex.def Info: figuras/esp32wifi.png  used on input line 188.
(pdftex.def)             Requested size: 220.50887pt x 129.54433pt.
LaTeX Font Info:    Trying to load font information for TS1+cmbr on input line 
200.

(C:\Users\facuf\AppData\Local\Programs\MiKTeX\tex/latex/cmbright\ts1cmbr.fd
File: ts1cmbr.fd 2005/04/13 v8.1 (WaS)
)
LaTeX Info: Redefining \. on input line 208.
LaTeX Info: Redefining \% on input line 208.

[11 <./figuras/esp32wifi.png>]
<figuras/clienteservidor.png, id=634, 485.56406pt x 307.1475pt>
File: figuras/clienteservidor.png Graphic file (type png)
<use figuras/clienteservidor.png>
Package pdftex.def Info: figuras/clienteservidor.png  used on input line 230.
(pdftex.def)             Requested size: 220.50887pt x 139.4805pt.
LaTeX Info: Redefining \. on input line 242.
LaTeX Info: Redefining \% on input line 242.
 [12 <./figuras/clienteservidor.png>]
<figuras/patronmvc.png, id=641, 536.60475pt x 711.25725pt>
File: figuras/patronmvc.png Graphic file (type png)
<use figuras/patronmvc.png>
Package pdftex.def Info: figuras/patronmvc.png  used on input line 249.
(pdftex.def)             Requested size: 220.50887pt x 292.27939pt.
LaTeX Info: Redefining \. on input line 264.
LaTeX Info: Redefining \% on input line 264.
 [13 <./figuras/patronmvc.png>]
<figuras/componente.png, id=647, 285.31593pt x 147.55125pt>
File: figuras/componente.png Graphic file (type png)
<use figuras/componente.png>
Package pdftex.def Info: figuras/componente.png  used on input line 272.
(pdftex.def)             Requested size: 220.50887pt x 114.03581pt.
LaTeX Info: Redefining \. on input line 284.
LaTeX Info: Redefining \% on input line 284.
 [14 <./figuras/componente.png>]
LaTeX Info: Redefining \. on input line 313.
LaTeX Info: Redefining \% on input line 313.
 [15])
LaTeX Info: Redefining \. on input line 269.
LaTeX Info: Redefining \% on input line 269.
 [16]
\openout2 = `capitulos/capitulo3.aux'.


(capitulos/capitulo3.tex
Cap\'{\i }tulo 3.
[17




]
LaTeX Info: Redefining \. on input line 312.
LaTeX Info: Redefining \% on input line 312.
 [18]
LaTeX Info: Redefining \. on input line 340.
LaTeX Info: Redefining \% on input line 340.
 [19]
<figuras/oscuridadpupila.png, id=677, 173.89969pt x 143.03438pt>
File: figuras/oscuridadpupila.png Graphic file (type png)
<use figuras/oscuridadpupila.png>
Package pdftex.def Info: figuras/oscuridadpupila.png  used on input line 348.
(pdftex.def)             Requested size: 220.50887pt x 181.3788pt.
LaTeX Info: Redefining \. on input line 361.
LaTeX Info: Redefining \% on input line 361.
 [20 <./figuras/oscuridadpupila.png>]
<figuras/edgeimpulse.png, id=684, 1442.38875pt x 709.14937pt>
File: figuras/edgeimpulse.png Graphic file (type png)
<use figuras/edgeimpulse.png>
Package pdftex.def Info: figuras/edgeimpulse.png  used on input line 386.
(pdftex.def)             Requested size: 330.7633pt x 162.61398pt.
LaTeX Info: Redefining \. on input line 390.
LaTeX Info: Redefining \% on input line 390.
 [21]
<figuras/deteccionverduras.png, id=690, 961.34157pt x 539.01375pt>
File: figuras/deteccionverduras.png Graphic file (type png)
<use figuras/deteccionverduras.png>
Package pdftex.def Info: figuras/deteccionverduras.png  used on input line 397.

(pdftex.def)             Requested size: 220.50887pt x 123.63333pt.
LaTeX Info: Redefining \. on input line 407.
LaTeX Info: Redefining \% on input line 407.
 [22 <./figuras/edgeimpulse.png> <./figuras/deteccionverduras.png>]
<figuras/entornogooglecolab.png, id=698, 1440.13031pt x 679.78969pt>
File: figuras/entornogooglecolab.png Graphic file (type png)
<use figuras/entornogooglecolab.png>
Package pdftex.def Info: figuras/entornogooglecolab.png  used on input line 420
.
(pdftex.def)             Requested size: 441.01775pt x 208.17055pt.
LaTeX Info: Redefining \. on input line 428.
LaTeX Info: Redefining \% on input line 428.
 [23 <./figuras/entornogooglecolab.png>]
<figuras/fotosojos.png, id=705, 712.91344pt x 554.82281pt>
File: figuras/fotosojos.png Graphic file (type png)
<use figuras/fotosojos.png>
Package pdftex.def Info: figuras/fotosojos.png  used on input line 431.
(pdftex.def)             Requested size: 220.50887pt x 171.60385pt.
<figuras/etiquetas.png, id=707, 398.99063pt x 456.95718pt>
File: figuras/etiquetas.png Graphic file (type png)
<use figuras/etiquetas.png>
Package pdftex.def Info: figuras/etiquetas.png  used on input line 440.
(pdftex.def)             Requested size: 220.50887pt x 252.54742pt.
LaTeX Info: Redefining \. on input line 453.
LaTeX Info: Redefining \% on input line 453.
 [24 <./figuras/fotosojos.png> <./figuras/etiquetas.png>]
<figuras/resultadoscolab.png, id=717, 1135.99406pt x 365.86688pt>
File: figuras/resultadoscolab.png Graphic file (type png)
<use figuras/resultadoscolab.png>
Package pdftex.def Info: figuras/resultadoscolab.png  used on input line 469.
(pdftex.def)             Requested size: 441.01775pt x 142.03992pt.
LaTeX Info: Redefining \. on input line 486.
LaTeX Info: Redefining \% on input line 486.
 [25 <./figuras/resultadoscolab.png>]
<figuras/deteccion_rostro_mediapipe.png, id=729, 300.3722pt x 168.63pt>
File: figuras/deteccion_rostro_mediapipe.png Graphic file (type png)
<use figuras/deteccion_rostro_mediapipe.png>
Package pdftex.def Info: figuras/deteccion_rostro_mediapipe.png  used on input 
line 508.
(pdftex.def)             Requested size: 220.50887pt x 123.79874pt.
<figuras/seguimiento_rostro_mediapipe.png, id=730, 903.375pt x 474.27188pt>
File: figuras/seguimiento_rostro_mediapipe.png Graphic file (type png)
<use figuras/seguimiento_rostro_mediapipe.png>
Package pdftex.def Info: figuras/seguimiento_rostro_mediapipe.png  used on inpu
t line 515.
(pdftex.def)             Requested size: 220.50887pt x 115.76703pt.
<figuras/deteccion_rostro_webgazer.png, id=731, 213.04594pt x 167.12437pt>
File: figuras/deteccion_rostro_webgazer.png Graphic file (type png)
<use figuras/deteccion_rostro_webgazer.png>
Package pdftex.def Info: figuras/deteccion_rostro_webgazer.png  used on input l
ine 522.
(pdftex.def)             Requested size: 308.71107pt x 242.18385pt.
LaTeX Info: Redefining \. on input line 526.
LaTeX Info: Redefining \% on input line 526.
 [26]
LaTeX Info: Redefining \. on input line 530.
LaTeX Info: Redefining \% on input line 530.
 [27 <./figuras/deteccion_rostro_mediapipe.png> <./figuras/seguimiento_rostro_m
ediapipe.png> <./figuras/deteccion_rostro_webgazer.png>]
LaTeX Info: Redefining \. on input line 552.
LaTeX Info: Redefining \% on input line 552.
 [28]
LaTeX Info: Redefining \. on input line 581.
LaTeX Info: Redefining \% on input line 581.
 [29]
File: figuras/coefcorr.png Graphic file (type png)
<use figuras/coefcorr.png>
Package pdftex.def Info: figuras/coefcorr.png  used on input line 611.
(pdftex.def)             Requested size: 308.71107pt x 53.19038pt.
LaTeX Info: Redefining \. on input line 618.
LaTeX Info: Redefining \% on input line 618.
 [30]
LaTeX Info: Redefining \. on input line 644.
LaTeX Info: Redefining \% on input line 644.
 [31]
LaTeX Info: Redefining \. on input line 674.
LaTeX Info: Redefining \% on input line 674.
 [32]
LaTeX Info: Redefining \. on input line 708.
LaTeX Info: Redefining \% on input line 708.
 [33]
LaTeX Info: Redefining \. on input line 744.
LaTeX Info: Redefining \% on input line 744.
 [34]
LaTeX Info: Redefining \. on input line 774.
LaTeX Info: Redefining \% on input line 774.
 [35]
LaTeX Info: Redefining \. on input line 797.
LaTeX Info: Redefining \% on input line 797.
 [36]
LaTeX Info: Redefining \. on input line 819.
LaTeX Info: Redefining \% on input line 819.
 [37]
LaTeX Info: Redefining \. on input line 842.
LaTeX Info: Redefining \% on input line 842.
 [38]
LaTeX Info: Redefining \. on input line 872.
LaTeX Info: Redefining \% on input line 872.
 [39]
LaTeX Info: Redefining \. on input line 889.
LaTeX Info: Redefining \% on input line 889.
 [40]
LaTeX Info: Redefining \. on input line 934.
LaTeX Info: Redefining \% on input line 934.
 [41]
LaTeX Info: Redefining \. on input line 963.
LaTeX Info: Redefining \% on input line 963.

[42]
LaTeX Info: Redefining \. on input line 999.
LaTeX Info: Redefining \% on input line 999.
 [43]

LaTeX Font Warning: Font shape `T1/cmbr/b/it' undefined
(Font)              using `T1/cmbr/b/n' instead on input line 1019.

LaTeX Info: Redefining \. on input line 1053.
LaTeX Info: Redefining \% on input line 1053.
[44]
LaTeX Info: Redefining \. on input line 1090.
LaTeX Info: Redefining \% on input line 1090.
 [45]
<figuras/tp4056pinout.png, id=818, 265.74281pt x 156.585pt>
File: figuras/tp4056pinout.png Graphic file (type png)
<use figuras/tp4056pinout.png>
Package pdftex.def Info: figuras/tp4056pinout.png  used on input line 1098.
(pdftex.def)             Requested size: 220.50887pt x 129.93445pt.
<figuras/tp4056grafico.png, id=819, 194.97844pt x 204.01219pt>
File: figuras/tp4056grafico.png Graphic file (type png)
<use figuras/tp4056grafico.png>
Package pdftex.def Info: figuras/tp4056grafico.png  used on input line 1134.
(pdftex.def)             Requested size: 220.50887pt x 230.73343pt.
LaTeX Info: Redefining \. on input line 1140.
LaTeX Info: Redefining \% on input line 1140.
 [46 <./figuras/tp4056pinout.png>]
<figuras/tp4056placa.png, id=835, 453.19313pt x 427.5975pt>
File: figuras/tp4056placa.png Graphic file (type png)
<use figuras/tp4056placa.png>
Package pdftex.def Info: figuras/tp4056placa.png  used on input line 1145.
(pdftex.def)             Requested size: 308.71107pt x 291.2779pt.
LaTeX Info: Redefining \. on input line 1151.
LaTeX Info: Redefining \% on input line 1151.
 [47 <./figuras/tp4056grafico.png> <./figuras/tp4056placa.png>]
<figuras/boost.png, id=842, 449.42906pt x 197.98969pt>
File: figuras/boost.png Graphic file (type png)
<use figuras/boost.png>
Package pdftex.def Info: figuras/boost.png  used on input line 1172.
(pdftex.def)             Requested size: 308.71107pt x 136.00276pt.
LaTeX Info: Redefining \. on input line 1178.
LaTeX Info: Redefining \% on input line 1178.
 [48 <./figuras/boost.png>]
<figuras/circuitomt3608.png, id=849, 433.62pt x 191.9672pt>
File: figuras/circuitomt3608.png Graphic file (type png)
<use figuras/circuitomt3608.png>
Package pdftex.def Info: figuras/circuitomt3608.png  used on input line 1208.
(pdftex.def)             Requested size: 308.71107pt x 136.67552pt.
LaTeX Info: Redefining \. on input line 1216.
LaTeX Info: Redefining \% on input line 1216.
 [49 <./figuras/circuitomt3608.png>]
<figuras/tensionesamperror.png, id=856, 460.72125pt x 237.13594pt>
File: figuras/tensionesamperror.png Graphic file (type png)
<use figuras/tensionesamperror.png>
Package pdftex.def Info: figuras/tensionesamperror.png  used on input line 1221
.
(pdftex.def)             Requested size: 220.50887pt x 113.49467pt.
<figuras/pwm.png, id=857, 463.7325pt x 305.64188pt>
File: figuras/pwm.png Graphic file (type png)
<use figuras/pwm.png>
Package pdftex.def Info: figuras/pwm.png  used on input line 1230.
(pdftex.def)             Requested size: 220.50887pt x 145.3353pt.
LaTeX Info: Redefining \. on input line 1239.
LaTeX Info: Redefining \% on input line 1239.
 [50 <./figuras/tensionesamperror.png> <./figuras/pwm.png>]
<figuras/mt3608pinout.png, id=864, 160.34906pt x 157.33781pt>
File: figuras/mt3608pinout.png Graphic file (type png)
<use figuras/mt3608pinout.png>
Package pdftex.def Info: figuras/mt3608pinout.png  used on input line 1245.
(pdftex.def)             Requested size: 132.30666pt x 129.8245pt.
<figuras/regulacioncarga.png, id=865, 297.36093pt x 193.47281pt>
File: figuras/regulacioncarga.png Graphic file (type png)
<use figuras/regulacioncarga.png>
Package pdftex.def Info: figuras/regulacioncarga.png  used on input line 1272.
(pdftex.def)             Requested size: 220.50887pt x 143.46875pt.
<figuras/freqvsvin.png, id=866, 283.0575pt x 179.92218pt>
File: figuras/freqvsvin.png Graphic file (type png)
<use figuras/freqvsvin.png>
Package pdftex.def Info: figuras/freqvsvin.png  used on input line 1281.
(pdftex.def)             Requested size: 220.50887pt x 140.16852pt.
LaTeX Info: Redefining \. on input line 1285.
LaTeX Info: Redefining \% on input line 1285.
 [51 <./figuras/mt3608pinout.png>]
<figuras/eficiencia.png, id=872, 280.79906pt x 168.63pt>
File: figuras/eficiencia.png Graphic file (type png)
<use figuras/eficiencia.png>
Package pdftex.def Info: figuras/eficiencia.png  used on input line 1290.
(pdftex.def)             Requested size: 220.50887pt x 132.42372pt.
<figuras/mt3608placa.png, id=873, 213.79875pt x 224.33812pt>
File: figuras/mt3608placa.png Graphic file (type png)
<use figuras/mt3608placa.png>
Package pdftex.def Info: figuras/mt3608placa.png  used on input line 1299.
(pdftex.def)             Requested size: 220.50887pt x 231.37892pt.
LaTeX Info: Redefining \. on input line 1308.
LaTeX Info: Redefining \% on input line 1308.
 [52 <./figuras/regulacioncarga.png> <./figuras/freqvsvin.png> <./figuras/efici
encia.png>]
LaTeX Info: Redefining \. on input line 1330.
LaTeX Info: Redefining \% on input line 1330.
 [53 <./figuras/mt3608placa.png>])
LaTeX Info: Redefining \. on input line 270.
LaTeX Info: Redefining \% on input line 270.
 [54]
\openout2 = `capitulos/capitulo4.aux'.


(capitulos/capitulo4.tex
Cap\'{\i }tulo 4.
<figuras/esquemacapturador.png, id=891, 453.94594pt x 236.38312pt>
File: figuras/esquemacapturador.png Graphic file (type png)
<use figuras/esquemacapturador.png>
Package pdftex.def Info: figuras/esquemacapturador.png  used on input line 20.
(pdftex.def)             Requested size: 396.91327pt x 206.68683pt.
<figuras/esquemacapturadorsimple.png, id=892, 433.62pt x 158.84344pt>
File: figuras/esquemacapturadorsimple.png Graphic file (type png)
<use figuras/esquemacapturadorsimple.png>
Package pdftex.def Info: figuras/esquemacapturadorsimple.png  used on input lin
e 31.
(pdftex.def)             Requested size: 396.91327pt x 145.40334pt.
[55




 <./figuras/esquemacapturador.png>]
<figuras/esquemareceptor.png, id=898, 447.92343pt x 102.3825pt>
File: figuras/esquemareceptor.png Graphic file (type png)
<use figuras/esquemareceptor.png>
Package pdftex.def Info: figuras/esquemareceptor.png  used on input line 42.
(pdftex.def)             Requested size: 396.91327pt x 90.72488pt.
<figuras/layoutcapturador.png, id=899, 278.54062pt x 500.62032pt>
File: figuras/layoutcapturador.png Graphic file (type png)
<use figuras/layoutcapturador.png>
Package pdftex.def Info: figuras/layoutcapturador.png  used on input line 55.
(pdftex.def)             Requested size: 176.4044pt x 317.05774pt.
LaTeX Info: Redefining \. on input line 59.
LaTeX Info: Redefining \% on input line 59.
 [56 <./figuras/esquemacapturadorsimple.png> <./figuras/esquemareceptor.png>]
<figuras/layoutservidor.png, id=906, 304.88907pt x 549.55313pt>
File: figuras/layoutservidor.png Graphic file (type png)
<use figuras/layoutservidor.png>
Package pdftex.def Info: figuras/layoutservidor.png  used on input line 64.
(pdftex.def)             Requested size: 176.4044pt x 317.96957pt.
LaTeX Info: Redefining \. on input line 68.
LaTeX Info: Redefining \% on input line 68.
 [57 <./figuras/layoutcapturador.png>])
LaTeX Info: Redefining \. on input line 271.
LaTeX Info: Redefining \% on input line 271.

[58 <./figuras/layoutservidor.png>]
\openout2 = `capitulos/capitulo5.aux'.

 (capitulos/capitulo5.tex
Cap\'{\i }tulo 5.
[59




])
LaTeX Info: Redefining \. on input line 272.
LaTeX Info: Redefining \% on input line 272.
 [60]

LaTeX Warning: Empty bibliography on input line 294.

(informe.aux
LaTeX Info: Redefining \sptext on input line 12.
LaTeX Info: Redefining \. on input line 12.
LaTeX Info: Redefining \% on input line 12.
 (capitulos/capitulo1.aux) (capitulos/capitulo2.aux)
(capitulos/capitulo3.aux) (capitulos/capitulo4.aux) (capitulos/capitulo5.aux))
 ***********
LaTeX2e <2025-11-01>
L3 programming layer <2020/03/25>
 ***********


LaTeX Font Warning: Some font shapes were not available, defaults substituted.

Package rerunfilecheck Info: File `informe.out' has not changed.
(rerunfilecheck)             Checksum: 7FFF989573DF20C0C0BF5FB17EB6935A;15797.
Package logreq Info: Writing requests to 'informe.run.xml'.
\openout1 = `informe.run.xml'.

 ) 
Here is how much of TeX's memory you used:
 42951 strings out of 467871
 942195 string characters out of 5418377
 1761896 words of memory out of 5000000
 71030 multiletter control sequences out of 15000+600000
 645004 words of font info for 70 fonts, out of 8000000 for 9000
 1142 hyphenation exceptions out of 8191
 103i,20n,108p,1186b,2952s stack positions out of 10000i,1000n,20000p,200000b,200000s
 <C:\Users\facuf\AppData\Local\MiKTeX\fonts/pk/ljfour/public/cmbright/dpi657\
cmbrsy10.pk> <C:\Users\facuf\AppData\Local\MiKTeX\fonts/pk/ljfour/public/cmbrig
ht/dpi657\tbmr10.pk> <C:\Users\facuf\AppData\Local\MiKTeX\fonts/pk/ljfour/publi
c/cmbright/dpi600\cmbrmi8.pk> <C:\Users\facuf\AppData\Local\MiKTeX\fonts/pk/ljf
our/public/cmbright/dpi657\cmbr10.pk> <C:\Users\facuf\AppData\Local\MiKTeX\font
s/pk/ljfour/public/cmbright/dpi657\cmbrmi10.pk> <C:\Users\facuf\AppData\Local\M
iKTeX\fonts/pk/ljfour/public/cmbright/dpi600\ebmo10.pk> <C:\Users\facuf\AppData
\Local\MiKTeX\fonts/pk/ljfour/public/cmbright/dpi720\ebbx10.pk> <C:\Users\facuf
\AppData\Local\MiKTeX\fonts/pk/ljfour/public/cmbright/dpi600\ebmr10.pk> <C:\Use
rs\facuf\AppData\Local\MiKTeX\fonts/pk/ljfour/public/cmbright/dpi864\ebbx10.pk>
 <C:\Users\facuf\AppData\Local\MiKTeX\fonts/pk/ljfour/public/cmbright/dpi1244\e
bbx10.pk> <C:\Users\facuf\AppData\Local\MiKTeX\fonts/pk/ljfour/public/cmbright/
dpi657\ebmo10.pk> <C:\Users\facuf\AppData\Local\MiKTeX\fonts/pk/ljfour/public/c
mbright/dpi657\ebbx10.pk> <C:\Users\facuf\AppData\Local\MiKTeX\fonts/pk/ljfour/
public/cmbright/dpi720\ebmo17.pk> <C:\Users\facuf\AppData\Local\MiKTeX\fonts/pk
/ljfour/public/cmbright/dpi657\ebmr10.pk> <C:\Users\facuf\AppData\Local\MiKTeX\
fonts/pk/ljfour/public/cmbright/dpi720\ebmo10.pk> <C:\Users\facuf\AppData\Local
\MiKTeX\fonts/pk/ljfour/public/cmbright/dpi720\ebmr10.pk> <C:\Users\facuf\AppDa
ta\Local\MiKTeX\fonts/pk/ljfour/public/cmbright/dpi1037\ebbx10.pk> <C:\Users\fa
cuf\AppData\Local\MiKTeX\fonts/pk/ljfour/public/cmbright/dpi1493\ebbx10.pk> <C:
\Users\facuf\AppData\Local\MiKTeX\fonts/pk/ljfour/public/cmbright/dpi864\ebmr10
.pk> <C:\Users\facuf\AppData\Local\MiKTeX\fonts/pk/ljfour/public/cmbright/dpi72
0\ebmr17.pk><C:/Users/facuf/AppData/Local/Programs/MiKTeX/fonts/type1/public/am
sfonts/cm/cmex10.pfb>
Output written on informe.pdf (67 pages, 8105042 bytes).
PDF statistics:
 1713 PDF objects out of 1728 (max. 8388607)
 213 named destinations out of 1000 (max. 500000)
 887 words of extra memory for PDF output out of 10000 (max. 10000000)

